[03:43:27] ============================================================
[03:43:27] Grid.gg 完整数据下载器 v2
[03:43:27] 使用二分法版本检测 + 动态查询构建
[03:43:27] 输出目录: /www/wwwroot/AI-Drafting-Assistant/data/grid_v2
[03:43:27] ============================================================
[03:43:27] 共 1632 场比赛，使用 10 个并行线程
[03:43:32] [1/1632] 2856455: OK v3.42 (4g)
[03:43:32] [2/1632] 2847266: OK v3.42 (3g)
[03:43:32] [3/1632] 2825122: OK v3.42 (4g)
[03:43:32] [4/1632] 2847267: OK v3.42 (4g)
[03:43:32] [5/1632] 2825123: OK v3.42 (4g)
[03:43:32] [6/1632] 2856454: OK v3.42 (4g)
[03:43:32] [7/1632] 2833796: OK v3.42 (4g)
[03:43:32] [8/1632] 2833797: OK v3.42 (3g)
[03:43:32] [9/1632] 2856453: OK v3.42 (4g)
[03:43:32] [10/1632] 2833795: OK v3.42 (4g)
[03:43:36] [11/1632] 2825121: OK v3.42 (3g)
[03:43:36] [12/1632] 2847265: OK v3.42 (5g)
[03:43:36] [13/1632] 2825120: OK v3.42 (3g)
[03:43:36] [14/1632] 2852988: OK v3.42 (5g)
[03:43:36] [15/1632] 2847264: OK v3.42 (3g)
[03:43:36] [16/1632] 2847263: OK v3.42 (4g)
[03:43:36] [17/1632] 2852987: OK v3.42 (4g)
[03:43:37] [18/1632] 2847262: OK v3.42 (4g)
[03:43:37] [19/1632] 2833792: OK v3.42 (3g)
[03:43:37] [20/1632] 2852986: OK v3.42 (3g)
[03:43:40] [22/1632] 2852517: OK v3.42 (5g)
[03:43:40] [23/1632] 2853511: OK v3.42 (4g)
[03:43:41] [24/1632] 2825118: OK v3.42 (3g)
[03:43:41] [25/1632] 2852985: OK v3.42 (3g)
[03:43:41] [26/1632] 2825119: OK v3.42 (5g)
[03:43:41] [27/1632] 2847259: OK v3.42 (3g)
[03:43:41] [28/1632] 2833793: OK v3.42 (4g)
[03:43:41] [29/1632] 2852984: OK v3.42 (4g)
[03:43:41] [30/1632] 2847260: OK v3.42 (5g)
[03:43:44] [31/1632] 2852002: OK v3.42 (4g)
[03:43:45] [32/1632] 2847258: OK v3.42 (4g)
[03:43:45] [33/1632] 2849606: OK v3.42 (4g)
[03:43:45] [34/1632] 2851768: OK v3.42 (5g)
[03:43:45] [35/1632] 2852001: OK v3.42 (4g)
[03:43:45] [36/1632] 2851767: OK v3.42 (4g)
[03:43:45] [37/1632] 2833789: OK v3.42 (5g)
[03:43:45] [38/1632] 2849605: OK v3.42 (5g)
[03:43:45] [39/1632] 2847257: OK v3.42 (5g)
[03:43:45] [40/1632] 2825049: OK v3.42 (4g)
[03:43:48] [41/1632] 2825117: OK v3.42 (3g)
[03:43:49] [42/1632] 2833790: OK v3.42 (4g)
[03:43:49] [43/1632] 2849604: OK v3.42 (3g)
[03:43:49] [44/1632] 2847245: OK v3.42 (3g)
[03:43:49] [45/1632] 2825048: OK v3.42 (3g)
[03:43:49] [46/1632] 2847244: OK v3.42 (4g)
[03:43:49] [47/1632] 2849603: OK v3.42 (5g)
[03:43:49] [48/1632] 2833787: OK v3.42 (3g)
[03:43:49] [49/1632] 2825116: OK v3.42 (3g)
[03:43:50] [50/1632] 2825047: OK v3.42 (5g)
[03:43:50] --- 50/1632 (134.4/min) ---
[03:43:53] [51/1632] 2825115: OK v3.42 (5g)
[03:43:53] [52/1632] 2833788: OK v3.42 (4g)
[03:43:53] [53/1632] 2847243: OK v3.42 (4g)
[03:43:53] [54/1632] 2847241: OK v3.42 (5g)
[03:43:53] [55/1632] 2847565: OK v3.42 (3g)
[03:43:54] [56/1632] 2847242: OK v3.42 (5g)
[03:43:54] [57/1632] 2825114: OK v3.42 (4g)
[03:43:54] [58/1632] 2847564: OK v3.42 (3g)
[03:43:54] [59/1632] 2825046: OK v3.42 (5g)
[03:43:54] [60/1632] 2847563: OK v3.42 (4g)
[03:43:57] [61/1632] 2821023: OK v3.42 (3g)
[03:43:57] [62/1632] 2821022: OK v3.42 (2g)
[03:43:57] [63/1632] 2825045: OK v3.42 (3g)
[03:43:57] [64/1632] 2825112: OK v3.42 (3g)
[03:43:58] [65/1632] 2847562: OK v3.42 (5g)
[03:43:58] [66/1632] 2821020: OK v3.42 (3g)
[03:43:58] [67/1632] 2821021: OK v3.42 (3g)
[03:43:58] [68/1632] 2825110: OK v3.42 (4g)
[03:43:58] [69/1632] 2821019: OK v3.42 (2g)
[03:43:58] [70/1632] 2825044: OK v3.42 (5g)
[03:44:01] [71/1632] 2825330: OK v3.42 (2g)
[03:44:01] [72/1632] 2821018: OK v3.42 (3g)
[03:44:01] [73/1632] 2821017: OK v3.42 (2g)
[03:44:01] [74/1632] 2825342: OK v3.42 (3g)
[03:44:02] [75/1632] 2821016: OK v3.42 (2g)
[03:44:02] [76/1632] 2821015: OK v3.42 (2g)
[03:44:03] [77/1632] 2825393: OK v3.42 (2g)
[03:44:03] [78/1632] 2825394: OK v3.42 (2g)
[03:44:03] [79/1632] 2833785: OK v3.42 (2g)
[03:44:03] [80/1632] 2821014: OK v3.42 (3g)
[03:44:05] [81/1632] 2833784: OK v3.42 (2g)
[03:44:05] [82/1632] 2825392: OK v3.42 (3g)
[03:44:05] [83/1632] 2825391: OK v3.42 (2g)
[03:44:06] [84/1632] 2833782: OK v3.42 (2g)
[03:44:06] [85/1632] 2833783: OK v3.42 (3g)
[03:44:07] [86/1632] 2825390: OK v3.42 (2g)
[03:44:07] [87/1632] 2825388: OK v3.42 (2g)
[03:44:07] [88/1632] 2825389: OK v3.42 (3g)
[03:44:07] [89/1632] 2825043: OK v3.42 (4g)
[03:44:07] [90/1632] 2825109: OK v3.42 (5g)
[03:44:09] [91/1632] 2825387: OK v3.42 (2g)
[03:44:09] [92/1632] 2821013: OK v3.42 (2g)
[03:44:10] [93/1632] 2821012: OK v3.42 (2g)
[03:44:10] [94/1632] 2825042: OK v3.42 (4g)
[03:44:10] [95/1632] 2825108: OK v3.42 (3g)
[03:44:11] [96/1632] 2821011: OK v3.42 (3g)
[03:44:11] [97/1632] 2825386: OK v3.42 (3g)
[03:44:11] [98/1632] 2825384: OK v3.42 (2g)
[03:44:11] [99/1632] 2825385: OK v3.42 (3g)
[03:44:11] [100/1632] 2821010: OK v3.42 (3g)
[03:44:11] --- 100/1632 (136.2/min) ---
[03:44:13] [101/1632] 2825383: OK v3.42 (2g)
[03:44:13] [102/1632] 2821009: OK v3.42 (3g)
[03:44:14] [103/1632] 2825382: OK v3.42 (2g)
[03:44:14] [104/1632] 2821008: OK v3.42 (3g)
[03:44:14] [105/1632] 2821007: OK v3.42 (3g)
[03:44:15] [106/1632] 2825380: OK v3.42 (2g)
[03:44:15] [107/1632] 2825381: OK v3.42 (3g)
[03:44:15] [108/1632] 2821006: OK v3.42 (3g)
[03:44:15] [109/1632] 2825378: OK v3.42 (2g)
[03:44:15] [110/1632] 2821005: OK v3.42 (2g)
[03:44:17] [111/1632] 2821004: OK v3.42 (2g)
[03:44:17] [112/1632] 2825377: OK v3.42 (2g)
[03:44:17] [113/1632] 2825376: OK v3.42 (2g)
[03:44:18] [114/1632] 2825375: OK v3.42 (2g)
[03:44:18] [115/1632] 2833780: OK v3.42 (2g)
[03:44:19] [116/1632] 2833779: OK v3.42 (3g)
[03:44:19] [117/1632] 2825374: OK v3.42 (3g)
[03:44:19] [118/1632] 2825373: OK v3.42 (2g)
[03:44:19] [119/1632] 2833778: OK v3.42 (2g)
[03:44:20] [120/1632] 2825041: OK v3.42 (3g)
[03:44:21] [121/1632] 2825104: OK v3.42 (4g)
[03:44:21] [122/1632] 2825372: OK v3.42 (2g)
[03:44:22] [123/1632] 2833777: OK v3.42 (2g)
[03:44:22] [124/1632] 2825371: OK v3.42 (2g)
[03:44:22] [125/1632] 2821003: OK v3.42 (2g)
[03:44:23] [126/1632] 2821002: OK v3.42 (3g)
[03:44:23] [127/1632] 2833776: OK v3.42 (3g)
[03:44:24] [128/1632] 2825103: OK v3.42 (3g)
[03:44:24] [129/1632] 2842357: OK v3.42 (5g)
[03:44:24] [130/1632] 2833775: OK v3.42 (2g)
[03:44:26] [131/1632] 2825370: OK v3.42 (3g)
[03:44:26] [132/1632] 2821001: OK v3.42 (3g)
[03:44:26] [133/1632] 2825369: OK v3.42 (3g)
[03:44:26] [134/1632] 2825368: OK v3.42 (3g)
[03:44:27] [135/1632] 2821000: OK v3.42 (3g)
[03:44:27] [136/1632] 2825367: OK v3.42 (3g)
[03:44:28] [137/1632] 2825366: OK v3.42 (2g)
[03:44:28] [138/1632] 2820998: OK v3.42 (3g)
[03:44:28] [139/1632] 2820999: OK v3.42 (2g)
[03:44:28] [140/1632] 2825365: OK v3.42 (2g)
[03:44:30] [141/1632] 2820996: OK v3.42 (2g)
[03:44:30] [142/1632] 2820997: OK v3.42 (2g)
[03:44:30] [143/1632] 2825364: OK v3.42 (3g)
[03:44:30] [144/1632] 2825363: OK v3.42 (3g)
[03:44:31] [145/1632] 2820995: OK v3.42 (3g)
[03:44:32] [146/1632] 2825362: OK v3.42 (3g)
[03:44:32] [147/1632] 2820994: OK v3.42 (2g)
[03:44:32] [148/1632] 2825360: OK v3.42 (3g)
[03:44:32] [149/1632] 2825358: OK v3.42 (2g)
[03:44:32] [150/1632] 2825359: OK v3.42 (2g)
[03:44:32] --- 150/1632 (139.3/min) ---
[03:44:34] [151/1632] 2825357: OK v3.42 (2g)
[03:44:34] [152/1632] 2825039: OK v3.42 (3g)
[03:44:34] [153/1632] 2825098: OK v3.42 (2g)
[03:44:34] [154/1632] 2825038: OK v3.42 (2g)
[03:44:35] [155/1632] 2833774: OK v3.42 (3g)
[03:44:36] [156/1632] 2825097: OK v3.42 (2g)
[03:44:36] [157/1632] 2833773: OK v3.42 (2g)
[03:44:36] [158/1632] 2820993: OK v3.42 (2g)
[03:44:36] [159/1632] 2825355: OK v3.42 (3g)
[03:44:36] [160/1632] 2825356: OK v3.42 (3g)
[03:44:38] [161/1632] 2820992: OK v3.42 (2g)
[03:44:38] [162/1632] 2825037: OK v3.42 (2g)
[03:44:39] [163/1632] 2825036: OK v3.42 (3g)
[03:44:39] [164/1632] 2833772: OK v3.42 (3g)
[03:44:39] [165/1632] 2825096: OK v3.42 (2g)
[03:44:40] [166/1632] 2825095: OK v3.42 (3g)
[03:44:40] [167/1632] 2825354: OK v3.42 (2g)
[03:44:40] [168/1632] 2825353: OK v3.42 (2g)
[03:44:40] [169/1632] 2833771: OK v3.42 (3g)
[03:44:41] [170/1632] 2820991: OK v3.42 (2g)
[03:44:42] [171/1632] 2820990: OK v3.42 (3g)
[03:44:42] [172/1632] 2825352: OK v3.42 (3g)
[03:44:43] [173/1632] 2825351: OK v3.42 (3g)
[03:44:43] [174/1632] 2820989: OK v3.42 (2g)
[03:44:44] [175/1632] 2825350: OK v3.42 (3g)
[03:44:44] [176/1632] 2820988: OK v3.42 (2g)
[03:44:45] [177/1632] 2825348: OK v3.42 (2g)
[03:44:45] [178/1632] 2820986: OK v3.42 (3g)
[03:44:45] [179/1632] 2825349: OK v3.42 (3g)
[03:44:45] [180/1632] 2820987: OK v3.42 (3g)
[03:44:46] [181/1632] 2820985: OK v3.42 (2g)
[03:44:46] [182/1632] 2825346: OK v3.42 (2g)
[03:44:47] [183/1632] 2820984: OK v3.42 (2g)
[03:44:47] [184/1632] 2825345: OK v3.42 (3g)
[03:44:48] [185/1632] 2825344: OK v3.42 (3g)
[03:44:48] [186/1632] 2825343: OK v3.42 (3g)
[03:44:48] [187/1632] 2833768: OK v3.42 (2g)
[03:44:49] [188/1632] 2833767: OK v3.42 (2g)
[03:44:49] [189/1632] 2825035: OK v3.42 (3g)
[03:44:49] [190/1632] 2825341: OK v3.42 (3g)
[03:44:51] [191/1632] 2825089: OK v3.42 (3g)
[03:44:51] [192/1632] 2825034: OK v3.42 (2g)
[03:44:51] [193/1632] 2833766: OK v3.42 (3g)
[03:44:51] [194/1632] 2825088: OK v3.42 (2g)
[03:44:52] [195/1632] 2833765: OK v3.42 (2g)
[03:44:52] [196/1632] 2825340: OK v3.42 (2g)
[03:44:53] [197/1632] 2820983: OK v3.42 (2g)
[03:44:53] [198/1632] 2825339: OK v3.42 (2g)
[03:44:53] [199/1632] 2820982: OK v3.42 (2g)
[03:44:53] [200/1632] 2825033: OK v3.42 (3g)
[03:44:53] --- 200/1632 (139.6/min) ---
[03:44:55] [201/1632] 2825032: OK v3.42 (2g)
[03:44:55] [202/1632] 2825087: OK v3.42 (3g)
[03:44:55] [203/1632] 2825086: OK v3.42 (3g)
[03:44:56] [204/1632] 2833764: OK v3.42 (3g)
[03:44:56] [205/1632] 2833763: OK v3.42 (2g)
[03:44:56] [206/1632] 2825338: OK v3.42 (2g)
[03:44:57] [207/1632] 2825336: OK v3.42 (2g)
[03:44:57] [208/1632] 2825337: OK v3.42 (3g)
[03:44:57] [209/1632] 2820981: OK v3.42 (3g)
[03:44:58] [210/1632] 2820980: OK v3.42 (2g)
[03:44:59] [211/1632] 2825335: OK v3.42 (2g)
[03:44:59] [212/1632] 2820979: OK v3.42 (2g)
[03:44:59] [213/1632] 2820978: OK v3.42 (2g)
[03:44:59] [214/1632] 2825334: OK v3.42 (2g)
[03:45:00] [215/1632] 2825333: OK v3.42 (2g)
[03:45:01] [216/1632] 2835374: OK v3.42 (3g)
[03:45:02] [217/1632] 2820976: OK v3.42 (2g)
[03:45:02] [218/1632] 2820975: OK v3.42 (2g)
[03:45:02] [219/1632] 2825329: OK v3.42 (3g)
[03:45:02] [220/1632] 2820977: OK v3.42 (2g)
[03:45:04] [221/1632] 2820974: OK v3.42 (3g)
[03:45:04] [222/1632] 2825326: OK v3.42 (2g)
[03:45:04] [223/1632] 2825327: OK v3.42 (3g)
[03:45:04] [224/1632] 2825328: OK v3.42 (2g)
[03:45:04] [225/1632] 2825325: OK v3.42 (2g)
[03:45:05] [226/1632] 2825030: OK v3.42 (2g)
[03:45:06] [227/1632] 2825079: OK v3.42 (3g)
[03:45:06] [228/1632] 2825029: OK v3.42 (2g)
[03:45:06] [229/1632] 2825078: OK v3.42 (3g)
[03:45:07] [230/1632] 2825324: OK v3.42 (3g)
[03:45:08] [231/1632] 2820973: OK v3.42 (2g)
[03:45:08] [232/1632] 2825027: OK v3.42 (2g)
[03:45:08] [233/1632] 2825323: OK v3.42 (2g)
[03:45:08] [234/1632] 2820972: OK v3.42 (3g)
[03:45:08] [235/1632] 2825077: OK v3.42 (2g)
[03:45:09] [236/1632] 2825026: OK v3.42 (2g)
[03:45:10] [237/1632] 2825076: OK v3.42 (2g)
[03:45:10] [238/1632] 2825321: OK v3.42 (3g)
[03:45:10] [239/1632] 2825320: OK v3.42 (3g)
[03:45:11] [240/1632] 2820971: OK v3.42 (2g)
[03:45:12] [241/1632] 2825319: OK v3.42 (3g)
[03:45:12] [242/1632] 2825317: OK v3.42 (2g)
[03:45:13] [243/1632] 2820970: OK v3.42 (2g)
[03:45:13] [244/1632] 2820969: OK v3.42 (3g)
[03:45:13] [245/1632] 2820968: OK v3.42 (3g)
[03:45:13] [246/1632] 2825318: OK v3.42 (3g)
[03:45:14] [247/1632] 2825316: OK v3.42 (2g)
[03:45:14] [248/1632] 2820967: OK v3.42 (2g)
[03:45:14] [249/1632] 2825315: OK v3.42 (2g)
[03:45:15] [250/1632] 2820966: OK v3.42 (2g)
[03:45:15] --- 250/1632 (139.8/min) ---
[03:45:16] [251/1632] 2820965: OK v3.42 (2g)
[03:45:17] [252/1632] 2825314: OK v3.42 (3g)
[03:45:17] [253/1632] 2825313: OK v3.42 (2g)
[03:45:17] [254/1632] 2820964: OK v3.42 (3g)
[03:45:17] [255/1632] 2825312: OK v3.42 (2g)
[03:45:17] [256/1632] 2825311: OK v3.42 (3g)
[03:45:18] [257/1632] 2825310: OK v3.42 (2g)
[03:45:18] [258/1632] 2825309: OK v3.42 (3g)
[03:45:18] [259/1632] 2825308: OK v3.42 (3g)
[03:45:19] [260/1632] 2825306: OK v3.42 (2g)
[03:45:20] [261/1632] 2825305: OK v3.42 (3g)
[03:45:21] [262/1632] 2825304: OK v3.42 (3g)
[03:45:21] [263/1632] 2825303: OK v3.42 (2g)
[03:45:21] [264/1632] 2796222: OK v3.42 (5g)
[03:45:21] [265/1632] 2796158: OK v3.42 (3g)
[03:45:21] [266/1632] 2782499: OK v3.42 (3g)
[03:45:22] [267/1632] 2796220: OK v3.42 (3g)
[03:45:22] [268/1632] 2796157: OK v3.42 (4g)
[03:45:23] [269/1632] 2811017: OK v3.42 (4g)
[03:45:23] [270/1632] 2782498: OK v3.42 (4g)
[03:45:24] [271/1632] 2811016: OK v3.42 (4g)
[03:45:25] [272/1632] 2796217: OK v3.42 (4g)
[03:45:25] [273/1632] 2815720: OK v3.42 (5g)
[03:45:25] [274/1632] 2811015: OK v3.42 (3g)
[03:45:25] [275/1632] 2811014: OK v3.42 (5g)
[03:45:25] [276/1632] 2796156: OK v3.42 (4g)
[03:45:26] [277/1632] 2810967: OK v3.42 (4g)
[03:45:26] [278/1632] 2811013: OK v3.42 (5g)
[03:45:27] [279/1632] 2782497: OK v3.42 (3g)
[03:45:27] [280/1632] 2796218: OK v3.42 (5g)
[03:45:28] [281/1632] 2796155: OK v3.42 (3g)
[03:45:29] [282/1632] 2811012: OK v3.42 (4g)
[03:45:29] [283/1632] 2810966: OK v3.42 (5g)
[03:45:30] [284/1632] 2814253: OK v3.42 (3g)
[03:45:30] [285/1632] 2811011: OK v3.42 (4g)
[03:45:30] [286/1632] 2811009: OK v3.42 (5g)
[03:45:30] [287/1632] 2812787: OK v3.42 (3g)
[03:45:31] [288/1632] 2811008: OK v3.42 (4g)
[03:45:31] [289/1632] 2810964: OK v3.42 (3g)
[03:45:32] [290/1632] 2811007: OK v3.42 (3g)
[03:45:33] [291/1632] 2796215: OK v3.42 (3g)
[03:45:33] [292/1632] 2810851: OK v3.42 (4g)
[03:45:34] [293/1632] 2796153: OK v3.42 (4g)
[03:45:34] [294/1632] 2782493: OK v3.42 (2g)
[03:45:34] [295/1632] 2782494: OK v3.42 (3g)
[03:45:34] [296/1632] 2811006: OK v3.42 (5g)
[03:45:34] [297/1632] 2811005: OK v3.42 (3g)
[03:45:35] [298/1632] 2796214: OK v3.42 (4g)
[03:45:35] [299/1632] 2796154: OK v3.42 (4g)
[03:45:36] [300/1632] 2810850: OK v3.42 (4g)
[03:45:36] --- 300/1632 (140.3/min) ---
[03:45:37] [301/1632] 2811004: OK v3.42 (3g)
[03:45:38] [302/1632] 2782492: OK v3.42 (2g)
[03:45:38] [303/1632] 2782491: OK v3.42 (2g)
[03:45:38] [304/1632] 2811003: OK v3.42 (4g)
[03:45:38] [305/1632] 2782490: OK v3.42 (3g)
[03:45:38] [306/1632] 2782489: OK v3.42 (2g)
[03:45:39] [307/1632] 2782488: OK v3.42 (3g)
[03:45:39] [308/1632] 2782487: OK v3.42 (4g)
[03:45:39] [309/1632] 2782486: OK v3.42 (2g)
[03:45:40] [310/1632] 2782485: OK v3.42 (3g)
[03:45:41] [311/1632] 2809514: OK v3.42 (3g)
[03:45:42] [312/1632] 2805673: OK v3.42 (4g)
[03:45:42] [313/1632] 2809513: OK v3.42 (4g)
[03:45:42] [314/1632] 2796211: OK v3.42 (3g)
[03:45:42] [315/1632] 2796151: OK v3.42 (3g)
[03:45:43] [316/1632] 2805672: OK v3.42 (5g)
[03:45:43] [317/1632] 2809511: OK v3.42 (5g)
[03:45:43] [318/1632] 2782483: OK v3.42 (3g)
[03:45:43] [319/1632] 2810218: OK v3.42 (1g)
[03:45:44] [320/1632] 2782482: OK v3.42 (2g)
[03:45:45] [321/1632] 2796212: OK v3.42 (3g)
[03:45:46] [322/1632] 2805671: OK v3.42 (5g)
[03:45:46] [323/1632] 2782481: OK v3.42 (2g)
[03:45:46] [324/1632] 2796152: OK v3.42 (4g)
[03:45:46] [325/1632] 2809510: OK v3.42 (3g)
[03:45:47] [326/1632] 2782479: OK v3.42 (3g)
[03:45:47] [327/1632] 2782478: OK v3.42 (2g)
[03:45:47] [328/1632] 2782480: OK v3.42 (3g)
[03:45:48] [329/1632] 2788276: OK v3.42 (2g)
[03:45:48] [330/1632] 2782477: OK v3.42 (2g)
[03:45:49] [331/1632] 2788275: OK v3.42 (2g)
[03:45:50] [332/1632] 2782476: OK v3.42 (2g)
[03:45:50] [333/1632] 2788274: OK v3.42 (3g)
[03:45:50] [334/1632] 2788273: OK v3.42 (2g)
[03:45:50] [335/1632] 2782475: OK v3.42 (2g)
[03:45:51] [336/1632] 2782474: OK v3.42 (3g)
[03:45:51] [337/1632] 2788271: OK v3.42 (2g)
[03:45:51] [338/1632] 2788272: OK v3.42 (2g)
[03:45:52] [339/1632] 2788270: OK v3.42 (2g)
[03:45:52] [340/1632] 2788269: OK v3.42 (2g)
[03:45:53] [341/1632] 2796187: OK v3.42 (2g)
[03:45:54] [342/1632] 2796185: OK v3.42 (2g)
[03:45:55] [343/1632] 2796150: OK v3.42 (2g)
[03:45:55] [344/1632] 2788268: OK v3.42 (2g)
[03:45:55] [345/1632] 2796148: OK v3.42 (3g)
[03:45:55] [346/1632] 2782473: OK v3.42 (2g)
[03:45:55] [347/1632] 2788267: OK v3.42 (3g)
[03:45:55] [348/1632] 2782472: OK v3.42 (2g)
[03:45:56] [349/1632] 2796186: OK v3.42 (3g)
[03:45:56] [350/1632] 2796184: OK v3.42 (2g)
[03:45:56] --- 350/1632 (141.1/min) ---
[03:45:57] [351/1632] 2796149: OK v3.42 (2g)
[03:45:59] [352/1632] 2788265: OK v3.42 (2g)
[03:45:59] [353/1632] 2788266: OK v3.42 (2g)
[03:45:59] [354/1632] 2796147: OK v3.42 (3g)
[03:45:59] [355/1632] 2782471: OK v3.42 (3g)
[03:45:59] [356/1632] 2782469: OK v3.42 (2g)
[03:45:59] [357/1632] 2782470: OK v3.42 (3g)
[03:45:59] [358/1632] 2788264: OK v3.42 (2g)
[03:46:00] [359/1632] 2788263: OK v3.42 (2g)
[03:46:01] [360/1632] 2782468: OK v3.42 (2g)
[03:46:01] [361/1632] 2788262: OK v3.42 (2g)
[03:46:03] [362/1632] 2788261: OK v3.42 (3g)
[03:46:03] [363/1632] 2782467: OK v3.42 (3g)
[03:46:03] [364/1632] 2788259: OK v3.42 (2g)
[03:46:03] [365/1632] 2788260: OK v3.42 (2g)
[03:46:03] [366/1632] 2782466: OK v3.42 (3g)
[03:46:03] [367/1632] 2782465: OK v3.42 (3g)
[03:46:03] [368/1632] 2782464: OK v3.42 (3g)
[03:46:04] [369/1632] 2805212: OK v3.42 (1g)
[03:46:05] [370/1632] 2788258: OK v3.42 (2g)
[03:46:05] [371/1632] 2788257: OK v3.42 (3g)
[03:46:07] [372/1632] 2781282: OK v3.42 (2g)
[03:46:07] [373/1632] 2781281: OK v3.42 (2g)
[03:46:07] [374/1632] 2796182: OK v3.42 (2g)
[03:46:07] [375/1632] 2788256: OK v3.42 (2g)
[03:46:07] [376/1632] 2788255: OK v3.42 (2g)
[03:46:07] [377/1632] 2796183: OK v3.42 (2g)
[03:46:08] [378/1632] 2796146: OK v3.42 (3g)
[03:46:09] [379/1632] 2781280: OK v3.42 (3g)
[03:46:09] [380/1632] 2781279: OK v3.42 (2g)
[03:46:10] [381/1632] 2796145: OK v3.42 (3g)
[03:46:12] [382/1632] 2788254: OK v3.42 (2g)
[03:46:12] [383/1632] 2788253: OK v3.42 (3g)
[03:46:12] [384/1632] 2796180: OK v3.42 (2g)
[03:46:12] [385/1632] 2782462: OK v3.42 (3g)
[03:46:12] [386/1632] 2782463: OK v3.42 (2g)
[03:46:12] [387/1632] 2796181: OK v3.42 (3g)
[03:46:12] [388/1632] 2788252: OK v3.42 (3g)
[03:46:13] [389/1632] 2781278: OK v3.42 (3g)
[03:46:13] [390/1632] 2796144: OK v3.42 (2g)
[03:46:14] [391/1632] 2781277: OK v3.42 (2g)
[03:46:16] [393/1632] 2782461: OK v3.42 (2g)
[03:46:16] [394/1632] 2788251: OK v3.42 (2g)
[03:46:16] [395/1632] 2782460: OK v3.42 (2g)
[03:46:16] [396/1632] 2788249: OK v3.42 (3g)
[03:46:16] [397/1632] 2788250: OK v3.42 (2g)
[03:46:16] [398/1632] 2796143: OK v3.42 (3g)
[03:46:17] [399/1632] 2782459: OK v3.42 (2g)
[03:46:18] [400/1632] 2788247: OK v3.42 (3g)
[03:46:18] --- 400/1632 (140.8/min) ---
[03:46:18] [401/1632] 2782458: OK v3.42 (2g)
[03:46:20] [402/1632] 2788245: OK v3.42 (2g)
[03:46:20] [403/1632] 2788246: OK v3.42 (3g)
[03:46:20] [404/1632] 2782456: OK v3.42 (2g)
[03:46:20] [405/1632] 2782457: OK v3.42 (2g)
[03:46:20] [406/1632] 2788244: OK v3.42 (2g)
[03:46:20] [407/1632] 2782455: OK v3.42 (2g)
[03:46:20] [408/1632] 2788243: OK v3.42 (2g)
[03:46:21] [409/1632] 2782454: OK v3.42 (3g)
[03:46:22] [410/1632] 2788242: OK v3.42 (3g)
[03:46:22] [411/1632] 2788241: OK v3.42 (3g)
[03:46:24] [412/1632] 2781275: OK v3.42 (2g)
[03:46:24] [413/1632] 2781276: OK v3.42 (2g)
[03:46:24] [414/1632] 2788240: OK v3.42 (2g)
[03:46:24] [415/1632] 2788239: OK v3.42 (2g)
[03:46:24] [416/1632] 2796178: OK v3.42 (3g)
[03:46:25] [417/1632] 2796179: OK v3.42 (2g)
[03:46:25] [418/1632] 2796142: OK v3.42 (3g)
[03:46:25] [419/1632] 2781274: OK v3.42 (2g)
[03:46:26] [420/1632] 2781273: OK v3.42 (2g)
[03:46:26] [421/1632] 2796141: OK v3.42 (3g)
[03:46:28] [422/1632] 2788238: OK v3.42 (2g)
[03:46:28] [423/1632] 2782453: OK v3.42 (3g)
[03:46:28] [424/1632] 2782452: OK v3.42 (2g)
[03:46:28] [425/1632] 2788237: OK v3.42 (3g)
[03:46:29] [426/1632] 2796140: OK v3.42 (2g)
[03:46:29] [427/1632] 2796177: OK v3.42 (2g)
[03:46:29] [428/1632] 2796176: OK v3.42 (3g)
[03:46:29] [429/1632] 2781272: OK v3.42 (2g)
[03:46:30] [430/1632] 2781271: OK v3.42 (2g)
[03:46:31] [431/1632] 2796139: OK v3.42 (2g)
[03:46:32] [432/1632] 2788236: OK v3.42 (3g)
[03:46:32] [433/1632] 2782451: OK v3.42 (2g)
[03:46:33] [434/1632] 2788235: OK v3.42 (3g)
[03:46:33] [435/1632] 2788234: OK v3.42 (2g)
[03:46:33] [436/1632] 2782450: OK v3.42 (2g)
[03:46:33] [437/1632] 2782449: OK v3.42 (2g)
[03:46:33] [438/1632] 2788233: OK v3.42 (3g)
[03:46:33] [439/1632] 2788232: OK v3.42 (3g)
[03:46:34] [440/1632] 2782448: OK v3.42 (2g)
[03:46:35] [441/1632] 2788231: OK v3.42 (2g)
[03:46:36] [442/1632] 2782447: OK v3.42 (3g)
[03:46:37] [443/1632] 2782446: OK v3.42 (2g)
[03:46:37] [444/1632] 2782445: OK v3.42 (2g)
[03:46:37] [445/1632] 2788230: OK v3.42 (2g)
[03:46:37] [446/1632] 2788229: OK v3.42 (3g)
[03:46:37] [447/1632] 2788228: OK v3.42 (2g)
[03:46:37] [448/1632] 2782444: OK v3.42 (3g)
[03:46:37] [449/1632] 2788226: OK v3.42 (3g)
[03:46:38] [450/1632] 2788225: OK v3.42 (3g)
[03:46:38] --- 450/1632 (141.3/min) ---
[03:46:39] [451/1632] 2781270: OK v3.42 (3g)
[03:46:40] [452/1632] 2781269: OK v3.42 (2g)
[03:46:41] [453/1632] 2788224: OK v3.42 (3g)
[03:46:41] [454/1632] 2788223: OK v3.42 (2g)
[03:46:41] [455/1632] 2796171: OK v3.42 (2g)
[03:46:41] [456/1632] 2796138: OK v3.42 (3g)
[03:46:41] [457/1632] 2796172: OK v3.42 (3g)
[03:46:41] [458/1632] 2781268: OK v3.42 (3g)
[03:46:41] [459/1632] 2796137: OK v3.42 (2g)
[03:46:43] [460/1632] 2788222: OK v3.42 (3g)
[03:46:43] [461/1632] 2781267: OK v3.42 (3g)
[03:46:44] [462/1632] 2788221: OK v3.42 (3g)
[03:46:45] [463/1632] 2788220: OK v3.42 (2g)
[03:46:45] [464/1632] 2796170: OK v3.42 (2g)
[03:46:45] [465/1632] 2782442: OK v3.42 (3g)
[03:46:45] [466/1632] 2782443: OK v3.42 (3g)
[03:46:45] [467/1632] 2796169: OK v3.42 (2g)
[03:46:46] [468/1632] 2796136: OK v3.42 (2g)
[03:46:46] [469/1632] 2781266: OK v3.42 (3g)
[03:46:47] [470/1632] 2796135: OK v3.42 (2g)
[03:46:47] [471/1632] 2781290: OK v3.42 (3g)
[03:46:49] [472/1632] 2788219: OK v3.42 (3g)
[03:46:49] [473/1632] 2788217: OK v3.42 (2g)
[03:46:49] [474/1632] 2788218: OK v3.42 (3g)
[03:46:49] [475/1632] 2782440: OK v3.42 (3g)
[03:46:49] [476/1632] 2782441: OK v3.42 (2g)
[03:46:49] [477/1632] 2782439: OK v3.42 (3g)
[03:46:50] [478/1632] 2788216: OK v3.42 (3g)
[03:46:50] [479/1632] 2782438: OK v3.42 (2g)
[03:46:51] [480/1632] 2788214: OK v3.42 (2g)
[03:46:51] [481/1632] 2782437: OK v3.42 (2g)
[03:46:53] [482/1632] 2782435: OK v3.42 (2g)
[03:46:53] [483/1632] 2788211: OK v3.42 (2g)
[03:46:53] [484/1632] 2788213: OK v3.42 (3g)
[03:46:53] [485/1632] 2782434: OK v3.42 (2g)
[03:46:53] [486/1632] 2782436: OK v3.42 (2g)
[03:46:54] [487/1632] 2788212: OK v3.42 (3g)
[03:46:54] [488/1632] 2788209: OK v3.42 (2g)
[03:46:54] [489/1632] 2788208: OK v3.42 (2g)
[03:46:55] [490/1632] 2784476: OK v3.42 (1g)
[03:46:55] [491/1632] 2784475: OK v3.42 (1g)
[03:46:57] [492/1632] 2784474: OK v3.42 (1g)
[03:46:57] [493/1632] 2784473: OK v3.42 (1g)
[03:46:57] [494/1632] 2781265: OK v3.42 (2g)
[03:46:57] [495/1632] 2783974: OK v3.42 (1g)
[03:46:58] [496/1632] 2783971: OK v3.42 (1g)
[03:46:58] [497/1632] 2783973: OK v3.42 (1g)
[03:46:58] [498/1632] 2783972: OK v3.42 (1g)
[03:46:58] [499/1632] 2781264: OK v3.42 (3g)
[03:46:59] [500/1632] 2788207: OK v3.42 (2g)
[03:46:59] --- 500/1632 (141.8/min) ---
[03:46:59] [501/1632] 2788206: OK v3.42 (3g)
[03:47:01] [502/1632] 2784472: OK v3.42 (1g)
[03:47:01] [503/1632] 2784471: OK v3.42 (1g)
[03:47:02] [504/1632] 2784470: OK v3.42 (1g)
[03:47:02] [505/1632] 2784469: OK v3.42 (1g)
[03:47:02] [506/1632] 2783969: OK v3.42 (1g)
[03:47:02] [507/1632] 2783970: OK v3.42 (1g)
[03:47:02] [508/1632] 2781263: OK v3.42 (2g)
[03:47:03] [509/1632] 2783967: OK v3.42 (1g)
[03:47:03] [510/1632] 2783968: OK v3.42 (1g)
[03:47:03] [511/1632] 2781262: OK v3.42 (2g)
[03:47:05] [512/1632] 2788205: OK v3.42 (2g)
[03:47:06] [513/1632] 2788203: OK v3.42 (2g)
[03:47:06] [514/1632] 2788204: OK v3.42 (3g)
[03:47:06] [515/1632] 2782433: OK v3.42 (2g)
[03:47:06] [516/1632] 2782432: OK v3.42 (3g)
[03:47:06] [517/1632] 2784467: OK v3.42 (1g)
[03:47:06] [518/1632] 2784466: OK v3.42 (1g)
[03:47:07] [519/1632] 2784465: OK v3.42 (1g)
[03:47:07] [520/1632] 2784464: OK v3.42 (1g)
[03:47:07] [521/1632] 2783966: OK v3.42 (1g)
[03:47:09] [522/1632] 2783965: OK v3.42 (1g)
[03:47:10] [523/1632] 2783964: OK v3.42 (1g)
[03:47:10] [524/1632] 2783963: OK v3.42 (1g)
[03:47:10] [525/1632] 2781261: OK v3.42 (3g)
[03:47:10] [526/1632] 2781260: OK v3.42 (2g)
[03:47:10] [527/1632] 2788202: OK v3.42 (3g)
[03:47:10] [528/1632] 2788201: OK v3.42 (2g)
[03:47:11] [529/1632] 2782431: OK v3.42 (2g)
[03:47:11] [530/1632] 2782430: OK v3.42 (2g)
[03:47:11] [531/1632] 2788200: OK v3.42 (3g)
[03:47:13] [532/1632] 2782429: OK v3.42 (2g)
[03:47:14] [533/1632] 2788199: OK v3.42 (3g)
[03:47:14] [534/1632] 2782428: OK v3.42 (3g)
[03:47:14] [535/1632] 2788198: OK v3.42 (3g)
[03:47:14] [536/1632] 2788197: OK v3.42 (3g)
[03:47:14] [537/1632] 2782426: OK v3.42 (2g)
[03:47:15] [538/1632] 2782427: OK v3.42 (3g)
[03:47:15] [539/1632] 2788196: OK v3.42 (3g)
[03:47:15] [540/1632] 2782425: OK v3.42 (3g)
[03:47:16] [541/1632] 2788195: OK v3.42 (2g)
[03:47:17] [542/1632] 2782424: OK v3.42 (3g)
[03:47:18] [543/1632] 2793442: OK v3.42 (2g)
[03:47:18] [544/1632] 2781259: OK v3.42 (3g)
[03:47:18] [545/1632] 2788194: OK v3.42 (3g)
[03:47:19] [546/1632] 2781258: OK v3.42 (2g)
[03:47:19] [547/1632] 2788191: OK v3.42 (3g)
[03:47:19] [548/1632] 2788192: OK v3.42 (3g)
[03:47:19] [549/1632] 2784455: OK v3.42 (1g)
[03:47:19] [550/1632] 2784454: OK v3.42 (1g)
[03:47:19] --- 550/1632 (142.2/min) ---
[03:47:19] [551/1632] 2784453: OK v3.42 (1g)
[03:47:21] [552/1632] 2784452: OK v3.42 (1g)
[03:47:22] [553/1632] 2783961: OK v3.42 (1g)
[03:47:22] [554/1632] 2781257: OK v3.42 (2g)
[03:47:22] [555/1632] 2783962: OK v3.42 (1g)
[03:47:22] [556/1632] 2783960: OK v3.42 (1g)
[03:47:23] [557/1632] 2783959: OK v3.42 (1g)
[03:47:23] [558/1632] 2781256: OK v3.42 (2g)
[03:47:23] [559/1632] 2788190: OK v3.42 (2g)
[03:47:24] [560/1632] 2788189: OK v3.42 (2g)
[03:47:24] [561/1632] 2782422: OK v3.42 (3g)
[03:47:25] [562/1632] 2788188: OK v3.42 (2g)
[03:47:26] [563/1632] 2784451: OK v3.42 (1g)
[03:47:26] [564/1632] 2782421: OK v3.42 (3g)
[03:47:26] [565/1632] 2784450: OK v3.42 (1g)
[03:47:26] [566/1632] 2784449: OK v3.42 (1g)
[03:47:27] [567/1632] 2784448: OK v3.42 (1g)
[03:47:27] [568/1632] 2783958: OK v3.42 (1g)
[03:47:28] [569/1632] 2783956: OK v3.42 (1g)
[03:47:28] [570/1632] 2783957: OK v3.42 (1g)
[03:47:28] [571/1632] 2781255: OK v3.42 (2g)
[03:47:29] [572/1632] 2783954: OK v3.42 (1g)
[03:47:30] [573/1632] 2781254: OK v3.42 (2g)
[03:47:30] [574/1632] 2788187: OK v3.42 (2g)
[03:47:30] [575/1632] 2781253: OK v3.42 (3g)
[03:47:31] [576/1632] 2782420: OK v3.42 (3g)
[03:47:31] [577/1632] 2788186: OK v3.42 (3g)
[03:47:31] [578/1632] 2788185: OK v3.42 (2g)
[03:47:31] [579/1632] 2782419: OK v3.42 (2g)
[03:47:32] [580/1632] 2782418: OK v3.42 (2g)
[03:47:32] [581/1632] 2788183: OK v3.42 (3g)
[03:47:34] [582/1632] 2788182: OK v3.42 (3g)
[03:47:34] [583/1632] 2782417: OK v3.42 (3g)
[03:47:34] [584/1632] 2782416: OK v3.42 (2g)
[03:47:34] [585/1632] 2788181: OK v3.42 (3g)
[03:47:35] [586/1632] 2788180: OK v3.42 (2g)
[03:47:35] [587/1632] 2782415: OK v3.42 (2g)
[03:47:35] [588/1632] 2788178: OK v3.42 (2g)
[03:47:36] [589/1632] 2782414: OK v3.42 (2g)
[03:47:36] [590/1632] 2788177: OK v3.42 (3g)
[03:47:36] [591/1632] 2782413: OK v3.42 (3g)
[03:47:38] [592/1632] 2788176: OK v3.42 (2g)
[03:47:38] [593/1632] 2781252: OK v3.42 (2g)
[03:47:38] [594/1632] 2788175: OK v3.42 (2g)
[03:47:39] [595/1632] 2781251: OK v3.42 (2g)
[03:47:39] [596/1632] 2788173: OK v3.42 (3g)
[03:47:39] [597/1632] 2783613: OK v3.42 (1g)
[03:47:39] [598/1632] 2788174: OK v3.42 (3g)
[03:47:40] [599/1632] 2783612: OK v3.42 (1g)
[03:47:40] [600/1632] 2783611: OK v3.42 (1g)
[03:47:40] --- 600/1632 (142.6/min) ---
[03:47:40] [601/1632] 2783610: OK v3.42 (1g)
[03:47:42] [602/1632] 2783953: OK v3.42 (1g)
[03:47:42] [603/1632] 2783952: OK v3.42 (1g)
[03:47:43] [604/1632] 2781250: OK v3.42 (3g)
[03:47:43] [605/1632] 2783950: OK v3.42 (1g)
[03:47:43] [606/1632] 2783951: OK v3.42 (1g)
[03:47:43] [607/1632] 2781249: OK v3.42 (2g)
[03:47:44] [608/1632] 2788172: OK v3.42 (2g)
[03:47:44] [609/1632] 2788171: OK v3.42 (3g)
[03:47:44] [610/1632] 2782412: OK v3.42 (3g)
[03:47:44] [611/1632] 2788170: OK v3.42 (2g)
[03:47:46] [612/1632] 2782411: OK v3.42 (2g)
[03:47:46] [613/1632] 2783609: OK v3.42 (1g)
[03:47:47] [614/1632] 2783608: OK v3.42 (1g)
[03:47:47] [615/1632] 2783607: OK v3.42 (1g)
[03:47:47] [616/1632] 2783606: OK v3.42 (1g)
[03:47:47] [617/1632] 2783948: OK v3.42 (1g)
[03:47:48] [618/1632] 2783949: OK v3.42 (1g)
[03:47:48] [619/1632] 2783947: OK v3.42 (1g)
[03:47:48] [620/1632] 2783946: OK v3.42 (1g)
[03:47:48] [621/1632] 2781248: OK v3.42 (2g)
[03:47:50] [622/1632] 2781247: OK v3.42 (2g)
[03:47:51] [623/1632] 2788169: OK v3.42 (3g)
[03:47:51] [624/1632] 2788168: OK v3.42 (2g)
[03:47:51] [625/1632] 2781246: OK v3.42 (2g)
[03:47:52] [626/1632] 2788167: OK v3.42 (3g)
[03:47:52] [627/1632] 2782410: OK v3.42 (2g)
[03:47:52] [628/1632] 2782408: OK v3.42 (2g)
[03:47:52] [629/1632] 2782409: OK v3.42 (3g)
[03:47:53] [630/1632] 2782406: OK v3.42 (3g)
[03:47:53] [631/1632] 2782407: OK v3.42 (3g)
[03:47:55] [632/1632] 2782404: OK v3.42 (2g)
[03:47:55] [633/1632] 2782405: OK v3.42 (2g)
[03:47:55] [634/1632] 2781244: OK v3.42 (2g)
[03:47:55] [635/1632] 2782403: OK v3.42 (2g)
[03:47:56] [636/1632] 2785275: OK v3.42 (2g)
[03:47:56] [637/1632] 2785277: OK v3.42 (3g)
[03:47:56] [638/1632] 2781243: OK v3.42 (3g)
[03:47:56] [639/1632] 2781242: OK v3.42 (3g)
[03:47:57] [640/1632] 2781241: OK v3.42 (2g)
[03:47:57] [641/1632] 2785274: OK v3.42 (1g)
[03:47:59] [642/1632] 2785273: OK v3.42 (1g)
[03:47:59] [643/1632] 2781240: OK v3.42 (3g)
[03:47:59] [644/1632] 2785276: OK v3.42 (3g)
[03:47:59] [645/1632] 2781239: OK v3.42 (2g)
[03:48:00] [646/1632] 2781238: OK v3.42 (2g)
[03:48:00] [647/1632] 2785119: OK v3.42 (1g)
[03:48:00] [648/1632] 2780985: OK v3.42 (1g)
[03:48:00] [649/1632] 2780984: OK v3.42 (1g)
[03:48:01] [650/1632] 2780983: OK v3.42 (1g)
[03:48:01] --- 650/1632 (142.8/min) ---
[03:48:01] [651/1632] 2780982: OK v3.42 (1g)
[03:48:03] [652/1632] 2780981: OK v3.42 (1g)
[03:48:03] [653/1632] 2780980: OK v3.42 (1g)
[03:48:03] [654/1632] 2780979: OK v3.42 (1g)
[03:48:04] [655/1632] 2780978: OK v3.42 (1g)
[03:48:04] [656/1632] 2780976: OK v3.42 (1g)
[03:48:04] [657/1632] 2780975: OK v3.42 (1g)
[03:48:04] [658/1632] 2780974: OK v3.42 (1g)
[03:48:04] [659/1632] 2780973: OK v3.42 (1g)
[03:48:04] [660/1632] 2780972: OK v3.42 (1g)
[03:48:05] [661/1632] 2780971: OK v3.42 (1g)
[03:48:07] [662/1632] 2780970: OK v3.42 (1g)
[03:48:07] [663/1632] 2780969: OK v3.42 (1g)
[03:48:07] [664/1632] 2780968: OK v3.42 (1g)
[03:48:08] [665/1632] 2783985: OK v3.42 (1g)
[03:48:08] [666/1632] 2780967: OK v3.42 (1g)
[03:48:08] [667/1632] 2780966: OK v3.42 (1g)
[03:48:08] [668/1632] 2780964: OK v3.42 (1g)
[03:48:08] [669/1632] 2780962: OK v3.42 (1g)
[03:48:08] [670/1632] 2780963: OK v3.42 (1g)
[03:48:10] [671/1632] 2780961: OK v3.42 (1g)
[03:48:11] [672/1632] 2780960: OK v3.42 (1g)
[03:48:11] [673/1632] 2780959: OK v3.42 (1g)
[03:48:12] [674/1632] 2780958: OK v3.42 (1g)
[03:48:12] [675/1632] 2780956: OK v3.42 (1g)
[03:48:12] [676/1632] 2780957: OK v3.42 (1g)
[03:48:12] [677/1632] 2780955: OK v3.42 (1g)
[03:48:12] [678/1632] 2780953: OK v3.42 (1g)
[03:48:12] [679/1632] 2780951: OK v3.42 (1g)
[03:48:12] [680/1632] 2780954: OK v3.42 (1g)
[03:48:14] [681/1632] 2780950: OK v3.42 (1g)
[03:48:15] [682/1632] 2780949: OK v3.42 (1g)
[03:48:15] [683/1632] 2780948: OK v3.42 (1g)
[03:48:15] [684/1632] 2780947: OK v3.42 (1g)
[03:48:16] [685/1632] 2780945: OK v3.42 (1g)
[03:48:16] [686/1632] 2780946: OK v3.42 (1g)
[03:48:16] [687/1632] 2780944: OK v3.42 (1g)
[03:48:16] [688/1632] 2780943: OK v3.42 (1g)
[03:48:16] [689/1632] 2780942: OK v3.42 (1g)
[03:48:16] [690/1632] 2780941: OK v3.42 (1g)
[03:48:18] [691/1632] 2780940: OK v3.42 (1g)
[03:48:19] [692/1632] 2780939: OK v3.42 (1g)
[03:48:19] [693/1632] 2780938: OK v3.42 (1g)
[03:48:20] [694/1632] 2780937: OK v3.42 (1g)
[03:48:27] [695/1632] 2765829: OK v3.38 (3g)
[03:48:27] [696/1632] 2755248: OK v3.38 (4g)
[03:48:28] [697/1632] 2765827: OK v3.38 (5g)
[03:48:28] [698/1632] 2765828: OK v3.38 (5g)
[03:48:28] [699/1632] 2755246: OK v3.38 (4g)
[03:48:28] [700/1632] 2755247: OK v3.38 (4g)
[03:48:28] --- 700/1632 (139.8/min) ---
[03:48:30] [701/1632] 2755226: OK v3.38 (5g)
[03:48:30] [702/1632] 2765826: OK v3.38 (4g)
[03:48:31] [703/1632] 2755245: OK v3.38 (4g)
[03:48:31] [704/1632] 2755244: OK v3.38 (4g)
[03:48:39] [705/1632] 2764760: OK v3.38 (3g)
[03:48:39] [706/1632] 2765825: OK v3.38 (2g)
[03:48:39] [707/1632] 2765824: OK v3.38 (3g)
[03:48:39] [708/1632] 2755241: OK v3.38 (4g)
[03:48:39] [709/1632] 2755240: OK v3.38 (4g)
[03:48:40] [710/1632] 2754376: OK v3.38 (5g)
[03:48:41] [711/1632] 2764759: OK v3.38 (3g)
[03:48:42] [712/1632] 2764758: OK v3.38 (3g)
[03:48:42] [713/1632] 2765822: OK v3.38 (3g)
[03:48:42] [714/1632] 2765823: OK v3.38 (3g)
[03:48:50] [715/1632] 2754375: OK v3.38 (3g)
[03:48:50] [716/1632] 2755243: OK v3.38 (5g)
[03:48:50] [717/1632] 2755242: OK v3.38 (4g)
[03:48:50] [718/1632] 2754374: OK v3.38 (5g)
[03:48:51] [719/1632] 2765821: OK v3.38 (2g)
[03:48:51] [720/1632] 2754373: OK v3.38 (5g)
[03:48:53] [721/1632] 2765820: OK v3.38 (2g)
[03:48:53] [722/1632] 2764756: OK v3.38 (3g)
[03:48:53] [723/1632] 2764757: OK v3.38 (2g)
[03:48:54] [724/1632] 2765819: OK v3.38 (2g)
[03:49:01] [725/1632] 2765818: OK v3.38 (2g)
[03:49:01] [726/1632] 2755238: OK v3.38 (3g)
[03:49:02] [727/1632] 2764755: OK v3.38 (2g)
[03:49:02] [728/1632] 2754372: OK v3.38 (5g)
[03:49:02] [729/1632] 2764754: OK v3.38 (2g)
[03:49:02] [730/1632] 2765817: OK v3.38 (2g)
[03:49:04] [731/1632] 2765816: OK v3.38 (2g)
[03:49:05] [732/1632] 2755237: OK v3.38 (3g)
[03:49:05] [733/1632] 2754371: OK v3.38 (4g)
[03:49:05] [734/1632] 2755236: OK v3.38 (5g)
[03:49:13] [735/1632] 2755235: OK v3.38 (3g)
[03:49:13] [736/1632] 2755234: OK v3.38 (5g)
[03:49:13] [737/1632] 2754370: OK v3.38 (5g)
[03:49:14] [738/1632] 2754369: OK v3.38 (3g)
[03:49:14] [739/1632] 2755233: OK v3.38 (3g)
[03:49:14] [740/1632] 2755232: OK v3.38 (4g)
[03:49:15] [741/1632] 2754513: OK v3.38 (1g)
[03:49:16] [742/1632] 2754511: OK v3.38 (2g)
[03:49:16] [743/1632] 2754539: OK v3.38 (1g)
[03:49:17] [744/1632] 2754512: OK v3.38 (2g)
[03:49:24] [745/1632] 2754538: OK v3.38 (3g)
[03:49:24] [746/1632] 2754537: OK v3.38 (3g)
[03:49:25] [747/1632] 2755230: OK v3.38 (5g)
[03:49:25] [748/1632] 2765392: OK v3.38 (2g)
[03:49:25] [749/1632] 2765393: OK v3.38 (4g)
[03:49:25] [750/1632] 2755229: OK v3.38 (3g)
[03:49:25] --- 750/1632 (125.8/min) ---
[03:49:27] [751/1632] 2765391: OK v3.38 (2g)
[03:49:27] [752/1632] 2765390: OK v3.38 (2g)
[03:49:27] [753/1632] 2754363: OK v3.38 (2g)
[03:49:28] [754/1632] 2748731: OK v3.38 (1g)
[03:49:36] [755/1632] 2748729: OK v3.38 (1g)
[03:49:36] [756/1632] 2748730: OK v3.38 (1g)
[03:49:36] [757/1632] 2748728: OK v3.38 (1g)
[03:49:36] [758/1632] 2754510: OK v3.38 (1g)
[03:49:36] [759/1632] 2748727: OK v3.38 (1g)
[03:49:37] [760/1632] 2754509: OK v3.38 (3g)
[03:49:38] [761/1632] 2754536: OK v3.38 (1g)
[03:49:38] [762/1632] 2748726: OK v3.38 (1g)
[03:49:39] [763/1632] 2748725: OK v3.38 (1g)
[03:49:39] [764/1632] 2754508: OK v3.38 (3g)
[03:49:47] [765/1632] 2754534: OK v3.38 (3g)
[03:49:47] [766/1632] 2748724: OK v3.38 (1g)
[03:49:47] [767/1632] 2748723: OK v3.38 (1g)
[03:49:47] [768/1632] 2748722: OK v3.38 (1g)
[03:49:48] [769/1632] 2754535: OK v3.38 (3g)
[03:49:48] [770/1632] 2754362: OK v3.38 (2g)
[03:49:49] [771/1632] 2754506: OK v3.38 (3g)
[03:49:50] [772/1632] 2754507: OK v3.38 (3g)
[03:49:50] [773/1632] 2748721: OK v3.38 (1g)
[03:49:50] [774/1632] 2748720: OK v3.38 (1g)
[03:49:58] [775/1632] 2754533: OK v3.38 (2g)
[03:49:59] [776/1632] 2748719: OK v3.38 (1g)
[03:49:59] [777/1632] 2748718: OK v3.38 (1g)
[03:49:59] [778/1632] 2748717: OK v3.38 (1g)
[03:49:59] [779/1632] 2754532: OK v3.38 (3g)
[03:50:01] [780/1632] 2754361: OK v3.38 (3g)
[03:50:01] [781/1632] 2754360: OK v3.38 (3g)
[03:50:02] [782/1632] 2754359: OK v3.38 (2g)
[03:50:02] [783/1632] 2748716: OK v3.35 (1g)
[03:50:02] [784/1632] 2754358: OK v3.38 (3g)
[03:50:10] [785/1632] 2748714: OK v3.35 (1g)
[03:50:10] [786/1632] 2748715: OK v3.35 (1g)
[03:50:10] [787/1632] 2748712: OK v3.35 (1g)
[03:50:10] [788/1632] 2748713: OK v3.35 (1g)
[03:50:11] [789/1632] 2754501: OK v3.35 (2g)
[03:50:12] [790/1632] 2748711: OK v3.35 (1g)
[03:50:12] [791/1632] 2754502: OK v3.35 (2g)
[03:50:13] [792/1632] 2748710: OK v3.35 (1g)
[03:50:13] [793/1632] 2754531: OK v3.35 (2g)
[03:50:13] [794/1632] 2748709: OK v3.35 (1g)
[03:50:21] [795/1632] 2748708: OK v3.35 (1g)
[03:50:21] [796/1632] 2748707: OK v3.35 (1g)
[03:50:21] [797/1632] 2754357: OK v3.35 (2g)
[03:50:22] [798/1632] 2754530: OK v3.35 (3g)
[03:50:22] [799/1632] 2754356: OK v3.35 (2g)
[03:50:23] [800/1632] 2754505: OK v3.35 (2g)
[03:50:23] --- 800/1632 (115.4/min) ---
[03:50:24] [801/1632] 2754504: OK v3.35 (2g)
[03:50:24] [802/1632] 2748706: OK v3.35 (1g)
[03:50:24] [803/1632] 2748705: OK v3.35 (1g)
[03:50:25] [804/1632] 2762574: OK v3.35 (3g)
[03:50:28] [805/1632] 2761965: X version_error
[03:50:32] [806/1632] 2748704: OK v3.35 (1g)
[03:50:33] [807/1632] 2748703: OK v3.35 (1g)
[03:50:33] [808/1632] 2754527: OK v3.35 (3g)
[03:50:33] [809/1632] 2748702: OK v3.35 (1g)
[03:50:33] [810/1632] 2754355: OK v3.35 (2g)
[03:50:35] [811/1632] 2755225: OK v3.35 (4g)
[03:50:35] [812/1632] 2754354: OK v3.35 (3g)
[03:50:36] [813/1632] 2755224: OK v3.38 (3g)
[03:50:36] [814/1632] 2754353: OK v3.35 (3g)
[03:50:37] [815/1632] 2755221: OK v3.42 (3g)
[03:50:40] [816/1632] 2754352: OK v3.35 (3g)
[03:50:44] [817/1632] 2754351: OK v3.35 (2g)
[03:50:44] [818/1632] 2755222: OK v3.35 (5g)
[03:50:44] [819/1632] 2754350: OK v3.35 (2g)
[03:50:44] [820/1632] 2754349: OK v3.30 (3g)
[03:50:46] [821/1632] 2754348: OK v3.30 (3g)
[03:50:46] [822/1632] 2755220: OK v3.38 (4g)
[03:50:47] [823/1632] 2760297: OK v3.30 (1g)
[03:50:47] [824/1632] 2760283: OK v3.30 (1g)
[03:50:49] [825/1632] 2760259: OK v3.30 (1g)
[03:50:51] [826/1632] 2760236: OK v3.30 (1g)
[03:50:55] [827/1632] 2760187: OK v3.30 (1g)
[03:50:55] [828/1632] 2759922: OK v3.30 (1g)
[03:50:56] [829/1632] 2759908: OK v3.30 (1g)
[03:50:56] [830/1632] 2755219: OK v3.30 (3g)
[03:50:57] [831/1632] 2759883: OK v3.30 (1g)
[03:50:58] [832/1632] 2759868: OK v3.30 (1g)
[03:50:58] [833/1632] 2759838: OK v3.30 (1g)
[03:50:59] [834/1632] 2755218: OK v3.30 (4g)
[03:51:00] [835/1632] 2754347: OK v3.30 (2g)
[03:51:03] [836/1632] 2754346: OK v3.30 (2g)
[03:51:06] [837/1632] 2759614: OK v3.30 (1g)
[03:51:07] [838/1632] 2762924: OK v3.35 (1g)
[03:51:07] [839/1632] 2759578: OK v3.35 (1g)
[03:51:07] [840/1632] 2759562: OK v3.35 (1g)
[03:51:09] [841/1632] 2759536: OK v3.35 (1g)
[03:51:09] [842/1632] 2755217: OK v3.30 (3g)
[03:51:09] [843/1632] 2754345: OK v3.30 (2g)
[03:51:10] [844/1632] 2754344: OK v3.30 (2g)
[03:51:11] [845/1632] 2754343: OK v3.30 (2g)
[03:51:14] [846/1632] 2755216: OK v3.30 (3g)
[03:51:18] [847/1632] 2754342: OK v3.30 (2g)
[03:51:18] [848/1632] 2755215: OK v3.30 (3g)
[03:51:18] [849/1632] 2754341: OK v3.30 (3g)
[03:51:18] [850/1632] 2754340: OK v3.30 (3g)
[03:51:18] --- 850/1632 (108.3/min) ---
[03:51:20] [851/1632] 2754339: OK v3.30 (3g)
[03:51:20] [852/1632] 2755214: OK v3.30 (4g)
[03:51:20] [853/1632] 2754338: OK v3.30 (3g)
[03:51:22] [854/1632] 2755213: OK v3.30 (4g)
[03:51:23] [855/1632] 2755212: OK v3.30 (4g)
[03:51:26] [856/1632] 2755211: OK v3.30 (3g)
[03:51:31] [857/1632] 2728935: OK v3.15 (5g)
[03:51:31] [858/1632] 2728934: OK v3.15 (3g)
[03:51:31] [859/1632] 2723684: OK v3.15 (5g)
[03:51:32] [860/1632] 2728933: OK v3.15 (5g)
[03:51:33] [861/1632] 2723683: OK v3.15 (4g)
[03:51:33] [862/1632] 2689923: OK v3.15 (4g)
[03:51:34] [863/1632] 2689922: OK v3.15 (3g)
[03:51:35] [864/1632] 2726981: OK v3.15 (5g)
[03:51:36] [865/1632] 2689921: OK v3.15 (4g)
[03:51:39] [866/1632] 2724423: OK v3.15 (4g)
[03:51:44] [867/1632] 2726980: OK v3.15 (5g)
[03:51:45] [868/1632] 2689920: OK v3.15 (5g)
[03:51:45] [869/1632] 2723681: OK v3.15 (4g)
[03:51:45] [870/1632] 2726979: OK v3.38 (3g)
[03:51:45] [871/1632] 2724422: OK v3.15 (4g)
[03:51:47] [872/1632] 2723680: OK v3.15 (4g)
[03:51:47] [873/1632] 2689919: OK v3.15 (6g)
[03:51:48] [874/1632] 2721966: OK v3.15 (3g)
[03:51:49] [875/1632] 2723679: OK v3.15 (3g)
[03:51:52] [876/1632] 2723678: OK v3.15 (3g)
[03:51:57] [877/1632] 2689918: OK v3.14 (4g)
[03:51:58] [878/1632] 2689917: OK v3.14 (3g)
[03:51:58] [879/1632] 2724421: OK v3.14 (5g)
[03:51:58] [880/1632] 2721965: OK v3.15 (5g)
[03:51:59] [881/1632] 2723677: OK v3.14 (4g)
[03:52:00] [882/1632] 2689916: OK v3.14 (5g)
[03:52:01] [883/1632] 2724420: OK v3.14 (5g)
[03:52:01] [884/1632] 2723676: OK v3.14 (4g)
[03:52:03] [885/1632] 2721964: OK v3.15 (5g)
[03:52:05] [886/1632] 2721963: OK v3.15 (4g)
[03:52:09] [887/1632] 2689915: OK v3.11 (4g)
[03:52:09] [888/1632] 2722648: OK v3.11 (3g)
[03:52:10] [889/1632] 2682819: OK v3.11 (2g)
[03:52:10] [890/1632] 2682818: OK v3.11 (2g)
[03:52:10] [891/1632] 2721962: OK v3.11 (4g)
[03:52:12] [892/1632] 2689914: OK v3.11 (3g)
[03:52:12] [893/1632] 2722647: OK v3.11 (3g)
[03:52:12] [894/1632] 2721961: OK v3.11 (3g)
[03:52:14] [895/1632] 2682817: OK v3.11 (2g)
[03:52:17] [896/1632] 2682816: OK v3.11 (2g)
[03:52:20] [897/1632] 2682815: OK v3.11 (2g)
[03:52:21] [898/1632] 2682814: OK v3.11 (3g)
[03:52:21] [899/1632] 2682813: OK v3.11 (2g)
[03:52:22] [900/1632] 2721960: OK v3.15 (4g)
[03:52:22] --- 900/1632 (101.0/min) ---
[03:52:23] [901/1632] 2682812: OK v3.11 (2g)
[03:52:23] [902/1632] 2721959: OK v3.15 (4g)
[03:52:24] [903/1632] 2682810: OK v3.11 (2g)
[03:52:24] [904/1632] 2682811: OK v3.11 (3g)
[03:52:27] [905/1632] 2721958: OK v3.15 (4g)
[03:52:30] [906/1632] 2721957: OK v3.15 (5g)
[03:52:32] [907/1632] 2689913: OK v3.11 (3g)
[03:52:32] [908/1632] 2689912: OK v3.11 (2g)
[03:52:33] [909/1632] 2717817: OK v3.11 (5g)
[03:52:34] [910/1632] 2682809: OK v3.11 (2g)
[03:52:35] [911/1632] 2682808: OK v3.11 (3g)
[03:52:35] [912/1632] 2689910: OK v3.11 (2g)
[03:52:35] [913/1632] 2689911: OK v3.11 (3g)
[03:52:35] [914/1632] 2721956: OK v3.15 (5g)
[03:52:39] [915/1632] 2717816: OK v3.11 (3g)
[03:52:43] [916/1632] 2682807: OK v3.11 (2g)
[03:52:43] [917/1632] 2721955: OK v3.15 (4g)
[03:52:44] [918/1632] 2682806: OK v3.11 (3g)
[03:52:44] [919/1632] 2682805: OK v3.11 (2g)
[03:52:46] [920/1632] 2682804: OK v3.11 (3g)
[03:52:46] [921/1632] 2682802: OK v3.11 (2g)
[03:52:46] [922/1632] 2682801: OK v3.11 (2g)
[03:52:47] [923/1632] 2682803: OK v3.11 (3g)
[03:52:47] [924/1632] 2682800: OK v3.11 (2g)
[03:52:52] [925/1632] 2719605: OK v3.15 (3g)
[03:52:54] [926/1632] 2689906: OK v3.11 (3g)
[03:52:55] [927/1632] 2689909: OK v3.11 (3g)
[03:52:55] [928/1632] 2682799: OK v3.11 (2g)
[03:52:57] [929/1632] 2719604: OK v3.15 (3g)
[03:52:57] [930/1632] 2682798: OK v3.11 (2g)
[03:52:57] [931/1632] 2689907: OK v3.11 (2g)
[03:52:58] [932/1632] 2689908: OK v3.11 (2g)
[03:52:58] [933/1632] 2682797: OK v3.11 (2g)
[03:53:00] [934/1632] 2719596: OK v3.15 (5g)
[03:53:03] [935/1632] 2682796: OK v3.11 (2g)
[03:53:05] [936/1632] 2682795: OK v3.11 (3g)
[03:53:06] [937/1632] 2682794: OK v3.11 (2g)
[03:53:07] [938/1632] 2682793: OK v3.11 (2g)
[03:53:08] [939/1632] 2706033: OK v3.11 (2g)
[03:53:08] [940/1632] 2682792: OK v3.11 (2g)
[03:53:09] [941/1632] 2706032: OK v3.11 (2g)
[03:53:09] [942/1632] 2682791: OK v3.11 (3g)
[03:53:09] [943/1632] 2682790: OK v3.11 (3g)
[03:53:13] [944/1632] 2706031: OK v3.15 (3g)
[03:53:16] [945/1632] 2706030: OK v3.15 (3g)
[03:53:17] [946/1632] 2706029: OK v3.11 (2g)
[03:53:18] [947/1632] 2706028: OK v3.11 (2g)
[03:53:18] [948/1632] 2689903: OK v3.11 (2g)
[03:53:20] [949/1632] 2689905: OK v3.11 (3g)
[03:53:20] [950/1632] 2706027: OK v3.11 (2g)
[03:53:20] --- 950/1632 (96.2/min) ---
[03:53:20] [951/1632] 2705052: OK v3.11 (3g)
[03:53:21] [952/1632] 2682789: OK v3.11 (3g)
[03:53:22] [953/1632] 2706026: OK v3.15 (3g)
[03:53:24] [954/1632] 2706025: OK v3.11 (2g)
[03:53:28] [955/1632] 2682788: OK v3.11 (2g)
[03:53:28] [956/1632] 2689900: OK v3.11 (2g)
[03:53:29] [957/1632] 2689899: OK v3.11 (2g)
[03:53:29] [958/1632] 2705051: OK v3.11 (4g)
[03:53:31] [959/1632] 2706024: OK v3.11 (2g)
[03:53:31] [960/1632] 2706023: OK v3.11 (2g)
[03:53:31] [961/1632] 2682787: OK v3.11 (2g)
[03:53:32] [962/1632] 2706022: OK v3.11 (2g)
[03:53:34] [963/1632] 2682786: OK v3.11 (3g)
[03:53:37] [964/1632] 2725349: OK v3.14 (5g)
[03:53:40] [965/1632] 2682785: OK v3.11 (3g)
[03:53:40] [966/1632] 2706020: OK v3.11 (2g)
[03:53:41] [967/1632] 2682784: OK v3.11 (2g)
[03:53:41] [968/1632] 2706021: OK v3.15 (3g)
[03:53:42] [969/1632] 2706019: OK v3.11 (2g)
[03:53:42] [970/1632] 2706018: OK v3.11 (1g)
[03:53:42] [971/1632] 2682783: OK v3.11 (2g)
[03:53:45] [972/1632] 2706016: OK v3.15 (3g)
[03:53:45] [973/1632] 2682782: OK v3.11 (2g)
[03:53:51] [974/1632] 2706015: OK v3.15 (3g)
[03:53:51] [975/1632] 2682781: OK v3.11 (2g)
[03:53:52] [976/1632] 2682780: OK v3.11 (2g)
[03:53:53] [977/1632] 2706014: OK v3.15 (3g)
[03:53:53] [978/1632] 2705046: OK v3.11 (3g)
[03:53:53] [979/1632] 2705047: OK v3.11 (3g)
[03:53:54] [980/1632] 2706012: OK v3.11 (2g)
[03:53:54] [981/1632] 2706013: OK v3.15 (3g)
[03:53:56] [982/1632] 2705048: OK v3.11 (5g)
[03:54:06] [983/1632] 2706011: OK v3.15 (3g)
[03:54:11] [984/1632] 2706009: OK v3.11 (2g)
[03:54:12] [985/1632] 2689898: OK v3.11 (2g)
[03:54:12] [986/1632] 2706010: OK v3.15 (3g)
[03:54:12] [987/1632] 2689897: OK v3.11 (2g)
[03:54:13] [988/1632] 2705042: OK v3.11 (2g)
[03:54:13] [989/1632] 2705978: OK v3.11 (2g)
[03:54:13] [990/1632] 2705043: OK v3.11 (3g)
[03:54:13] [991/1632] 2705977: OK v3.11 (2g)
[03:54:16] [992/1632] 2682779: OK v3.11 (2g)
[03:54:18] [993/1632] 2682778: OK v3.11 (3g)
[03:54:22] [994/1632] 2689896: OK v3.11 (2g)
[03:54:23] [995/1632] 2705976: OK v3.11 (3g)
[03:54:23] [996/1632] 2689895: OK v3.11 (3g)
[03:54:23] [997/1632] 2705975: OK v3.11 (2g)
[03:54:24] [998/1632] 2682777: OK v3.11 (3g)
[03:54:24] [999/1632] 2705974: OK v3.11 (2g)
[03:54:24] [1000/1632] 2682776: OK v3.11 (2g)
[03:54:24] --- 1000/1632 (91.3/min) ---
[03:54:25] [1001/1632] 2705973: OK v3.11 (2g)
[03:54:28] [1002/1632] 2682775: OK v3.11 (3g)
[03:54:31] [1003/1632] 2705972: OK v3.15 (3g)
[03:54:33] [1004/1632] 2682774: OK v3.11 (2g)
[03:54:35] [1005/1632] 2705971: OK v3.11 (2g)
[03:54:35] [1006/1632] 2682773: OK v3.11 (2g)
[03:54:36] [1007/1632] 2682772: OK v3.11 (3g)
[03:54:36] [1008/1632] 2705965: OK v3.11 (2g)
[03:54:36] [1009/1632] 2705968: OK v3.15 (3g)
[03:54:37] [1010/1632] 2705967: OK v3.14 (2g)
[03:54:38] [1011/1632] 2705966: OK v3.15 (3g)
[03:54:39] [1012/1632] 2682771: OK v3.11 (2g)
[03:54:42] [1013/1632] 2705964: OK v3.11 (2g)
[03:54:45] [1014/1632] 2682770: OK v3.11 (2g)
[03:54:46] [1015/1632] 2705963: OK v3.11 (2g)
[03:54:48] [1016/1632] 2705962: OK v3.15 (3g)
[03:54:49] [1017/1632] 2705960: OK v3.15 (2g)
[03:54:49] [1018/1632] 2705959: OK v3.15 (3g)
[03:54:50] [1019/1632] 2705041: OK v3.10 (2g)
[03:54:50] [1020/1632] 2705040: OK v3.10 (2g)
[03:54:51] [1021/1632] 2705958: OK v3.10 (2g)
[03:54:52] [1022/1632] 2705957: OK v3.15 (3g)
[03:54:55] [1023/1632] 2682769: OK v3.10 (2g)
[03:54:58] [1024/1632] 2705955: OK v3.10 (2g)
[03:54:59] [1025/1632] 2682768: OK v3.10 (2g)
[03:55:01] [1026/1632] 2704969: OK v3.10 (2g)
[03:55:02] [1027/1632] 2705954: OK v3.10 (2g)
[03:55:02] [1028/1632] 2704968: OK v3.10 (3g)
[03:55:03] [1029/1632] 2705953: OK v3.10 (2g)
[03:55:03] [1030/1632] 2682767: OK v3.10 (2g)
[03:55:04] [1031/1632] 2705952: OK v3.10 (2g)
[03:55:06] [1032/1632] 2682766: OK v3.10 (2g)
[03:55:08] [1033/1632] 2704967: OK v3.10 (3g)
[03:55:11] [1034/1632] 2704966: OK v3.10 (2g)
[03:55:12] [1035/1632] 2705950: OK v3.15 (3g)
[03:55:14] [1036/1632] 2682765: OK v3.10 (3g)
[03:55:15] [1037/1632] 2705949: OK v3.15 (3g)
[03:55:15] [1038/1632] 2682764: OK v3.10 (2g)
[03:55:16] [1039/1632] 2705948: OK v3.10 (2g)
[03:55:16] [1040/1632] 2705945: OK v3.10 (2g)
[03:55:17] [1041/1632] 2682763: OK v3.10 (2g)
[03:55:18] [1042/1632] 2705944: OK v3.10 (2g)
[03:55:21] [1043/1632] 2682762: OK v3.10 (2g)
[03:55:24] [1044/1632] 2705940: OK v3.10 (3g)
[03:55:25] [1045/1632] 2682761: OK v3.10 (2g)
[03:55:27] [1046/1632] 2705939: OK v3.10 (2g)
[03:55:28] [1047/1632] 2682760: OK v3.10 (3g)
[03:55:28] [1048/1632] 2705938: OK v3.10 (3g)
[03:55:29] [1049/1632] 2705937: OK v3.10 (2g)
[03:55:29] [1050/1632] 2705935: OK v3.10 (2g)
[03:55:29] --- 1050/1632 (87.3/min) ---
[03:55:30] [1051/1632] 2705934: OK v3.10 (2g)
[03:55:31] [1052/1632] 2705933: OK v3.10 (2g)
[03:55:34] [1053/1632] 2705932: OK v3.10 (2g)
[03:55:37] [1054/1632] 2705931: OK v3.10 (2g)
[03:55:38] [1055/1632] 2705930: OK v3.10 (2g)
[03:55:40] [1056/1632] 2705928: OK v3.30 (3g)
[03:55:40] [1057/1632] 2705929: OK v3.10 (2g)
[03:55:41] [1058/1632] 2709379: OK v3.10 (1g)
[03:55:42] [1059/1632] 2704815: OK v3.7 (1g)
[03:55:42] [1060/1632] 2671115: OK v3.7 (1g)
[03:55:43] [1061/1632] 2671114: OK v3.7 (1g)
[03:55:44] [1062/1632] 2671113: OK v3.7 (1g)
[03:55:47] [1063/1632] 2671112: OK v3.7 (1g)
[03:55:50] [1064/1632] 2671111: OK v3.7 (1g)
[03:55:51] [1065/1632] 2682759: OK v3.7 (3g)
[03:55:53] [1066/1632] 2682758: OK v3.7 (2g)
[03:55:53] [1067/1632] 2671110: OK v3.7 (1g)
[03:55:55] [1068/1632] 2671109: OK v3.7 (1g)
[03:55:55] [1069/1632] 2671108: OK v3.7 (1g)
[03:55:55] [1070/1632] 2671107: OK v3.7 (1g)
[03:55:56] [1071/1632] 2671106: OK v3.7 (1g)
[03:55:57] [1072/1632] 2687036: OK v3.7 (2g)
[03:56:00] [1073/1632] 2687035: OK v3.7 (2g)
[03:56:03] [1074/1632] 2682757: OK v3.7 (2g)
[03:56:05] [1075/1632] 2682756: OK v3.7 (3g)
[03:56:06] [1076/1632] 2689892: OK v3.7 (2g)
[03:56:06] [1077/1632] 2689891: OK v3.7 (2g)
[03:56:08] [1078/1632] 2687034: OK v3.7 (2g)
[03:56:08] [1079/1632] 2682755: OK v3.7 (2g)
[03:56:09] [1080/1632] 2682754: OK v3.7 (2g)
[03:56:09] [1081/1632] 2687033: OK v3.7 (2g)
[03:56:11] [1082/1632] 2689889: OK v3.7 (2g)
[03:56:14] [1083/1632] 2689890: OK v3.7 (2g)
[03:56:14] [1084/1632] 2687032: OK v3.30 (3g)
[03:56:18] [1085/1632] 2682753: OK v3.7 (3g)
[03:56:19] [1086/1632] 2682752: OK v3.7 (2g)
[03:56:19] [1087/1632] 2687031: OK v3.15 (3g)
[03:56:21] [1088/1632] 2682750: OK v3.7 (2g)
[03:56:21] [1089/1632] 2687030: OK v3.15 (3g)
[03:56:22] [1090/1632] 2687029: OK v3.7 (2g)
[03:56:22] [1091/1632] 2682749: OK v3.7 (2g)
[03:56:24] [1092/1632] 2687028: OK v3.7 (2g)
[03:56:26] [1093/1632] 2687027: OK v3.7 (2g)
[03:56:27] [1094/1632] 2687026: OK v3.7 (2g)
[03:56:31] [1095/1632] 2687025: OK v3.7 (2g)
[03:56:32] [1096/1632] 2689887: OK v3.7 (2g)
[03:56:32] [1097/1632] 2689886: OK v3.7 (3g)
[03:56:34] [1098/1632] 2671105: OK v3.7 (1g)
[03:56:34] [1099/1632] 2671104: OK v3.7 (1g)
[03:56:35] [1100/1632] 2671102: OK v3.7 (1g)
[03:56:35] --- 1100/1632 (83.8/min) ---
[03:56:35] [1101/1632] 2671103: OK v3.7 (1g)
[03:56:37] [1102/1632] 2671101: OK v3.7 (1g)
[03:56:40] [1103/1632] 2687024: OK v3.15 (3g)
[03:56:40] [1104/1632] 2687023: OK v3.7 (2g)
[03:56:44] [1105/1632] 2682748: OK v3.7 (2g)
[03:56:45] [1106/1632] 2682747: OK v3.7 (2g)
[03:56:46] [1107/1632] 2689885: OK v3.7 (2g)
[03:56:47] [1108/1632] 2689884: OK v3.7 (2g)
[03:56:47] [1109/1632] 2671100: OK v3.7 (1g)
[03:56:48] [1110/1632] 2671099: OK v3.7 (1g)
[03:56:48] [1111/1632] 2671098: OK v3.7 (1g)
[03:56:50] [1112/1632] 2671097: OK v3.7 (1g)
[03:56:52] [1113/1632] 2671096: OK v3.7 (1g)
[03:56:53] [1114/1632] 2687022: OK v3.7 (2g)
[03:56:57] [1115/1632] 2687021: OK v3.7 (2g)
[03:56:58] [1116/1632] 2682746: OK v3.7 (2g)
[03:56:59] [1117/1632] 2682745: OK v3.7 (3g)
[03:57:00] [1118/1632] 2687020: OK v3.7 (2g)
[03:57:01] [1119/1632] 2682744: OK v3.7 (3g)
[03:57:01] [1120/1632] 2682743: OK v3.7 (2g)
[03:57:01] [1121/1632] 2687018: OK v3.7 (4g)
[03:57:03] [1122/1632] 2687016: OK v3.15 (2g)
[03:57:05] [1123/1632] 2682742: OK v3.7 (2g)
[03:57:06] [1124/1632] 2687015: OK v3.15 (3g)
[03:57:10] [1125/1632] 2682741: OK v3.7 (2g)
[03:57:12] [1126/1632] 2682740: OK v3.7 (2g)
[03:57:12] [1127/1632] 2687012: OK v3.3 (2g)
[03:57:12] [1128/1632] 2687014: OK v3.15 (3g)
[03:57:12] [1129/1632] 2687011: OK v3.3 (2g)
[03:57:13] [1130/1632] 2687013: OK v3.7 (2g)
[03:57:13] [1131/1632] 2682739: OK v3.7 (2g)
[03:57:16] [1132/1632] 2687010: OK v3.15 (3g)
[03:57:17] [1133/1632] 2687009: OK v3.3 (2g)
[03:57:17] [1134/1632] 2689883: OK v3.3 (2g)
[03:57:21] [1135/1632] 2689882: OK v3.3 (2g)
[03:57:23] [1136/1632] 2671094: OK v3.3 (1g)
[03:57:23] [1137/1632] 2671093: OK v3.3 (1g)
[03:57:23] [1138/1632] 2671092: OK v3.3 (1g)
[03:57:24] [1139/1632] 2671091: OK v3.3 (1g)
[03:57:24] [1140/1632] 2687008: OK v3.3 (2g)
[03:57:25] [1141/1632] 2671095: OK v3.7 (1g)
[03:57:28] [1142/1632] 2687007: OK v3.3 (2g)
[03:57:28] [1143/1632] 2682738: OK v3.3 (2g)
[03:57:29] [1144/1632] 2682737: OK v3.3 (3g)
[03:57:34] [1145/1632] 2689881: OK v3.7 (3g)
[03:57:34] [1146/1632] 2671090: OK v3.3 (1g)
[03:57:34] [1147/1632] 2671089: OK v3.3 (1g)
[03:57:35] [1148/1632] 2689880: OK v3.3 (3g)
[03:57:35] [1149/1632] 2671088: OK v3.3 (1g)
[03:57:36] [1150/1632] 2671086: OK v3.3 (1g)
[03:57:36] --- 1150/1632 (81.4/min) ---
[03:57:36] [1151/1632] 2671087: OK v3.3 (1g)
[03:57:39] [1152/1632] 2687006: OK v3.3 (2g)
[03:57:39] [1153/1632] 2687005: OK v3.3 (2g)
[03:57:40] [1154/1632] 2682736: OK v3.11 (3g)
[03:57:46] [1155/1632] 2682735: OK v3.3 (3g)
[03:57:46] [1156/1632] 2682733: OK v3.3 (2g)
[03:57:46] [1157/1632] 2687003: OK v3.11 (3g)
[03:57:46] [1158/1632] 2682734: OK v3.3 (2g)
[03:57:47] [1159/1632] 2687004: OK v3.15 (3g)
[03:57:49] [1160/1632] 2687002: OK v3.15 (3g)
[03:57:49] [1161/1632] 2682732: OK v3.10 (3g)
[03:57:50] [1162/1632] 2687001: OK v3.3 (2g)
[03:57:50] [1163/1632] 2682731: OK v3.3 (2g)
[03:57:52] [1164/1632] 2687000: OK v3.3 (2g)
[03:57:57] [1165/1632] 2682730: OK v3.3 (3g)
[03:57:57] [1166/1632] 2686998: OK v3.3 (2g)
[03:57:57] [1167/1632] 2682729: OK v3.3 (3g)
[03:57:59] [1168/1632] 2686997: OK v3.3 (2g)
[03:57:59] [1169/1632] 2686999: OK v3.15 (3g)
[03:57:59] [1170/1632] 2671084: OK v3.3 (1g)
[03:58:00] [1171/1632] 2671083: OK v3.3 (1g)
[03:58:01] [1172/1632] 2671082: OK v3.3 (1g)
[03:58:02] [1173/1632] 2671081: OK v3.3 (1g)
[03:58:05] [1174/1632] 2671080: OK v3.7 (1g)
[03:58:08] [1175/1632] 2686996: OK v3.11 (2g)
[03:58:08] [1176/1632] 2686995: OK v3.3 (2g)
[03:58:09] [1177/1632] 2671079: OK v3.3 (1g)
[03:58:10] [1178/1632] 2671078: OK v3.3 (1g)
[03:58:10] [1179/1632] 2671077: OK v3.3 (1g)
[03:58:11] [1180/1632] 2671076: OK v3.3 (1g)
[03:58:11] [1181/1632] 2671075: OK v3.3 (1g)
[03:58:14] [1182/1632] 2671073: OK v3.7 (1g)
[03:58:15] [1183/1632] 2671074: OK v3.7 (1g)
[03:58:18] [1184/1632] 2671072: OK v3.7 (1g)
[03:58:21] [1185/1632] 2686993: OK v3.3 (2g)
[03:58:21] [1186/1632] 2671071: OK v3.7 (1g)
[03:58:21] [1187/1632] 2692648: OK v3.7 (1g)
[03:58:22] [1188/1632] 2686992: OK v3.3 (2g)
[03:58:22] [1189/1632] 2686991: OK v3.3 (2g)
[03:58:22] [1190/1632] 2686994: OK v3.15 (3g)
[03:58:24] [1191/1632] 2686990: OK v3.15 (2g)
[03:58:26] [1193/1632] 2686988: OK v3.3 (2g)
[03:58:28] [1194/1632] 2686989: OK v3.15 (3g)
[03:58:29] [1195/1632] 2686987: OK v3.3 (2g)
[03:58:32] [1197/1632] 2686985: OK v3.3 (2g)
[03:58:33] [1198/1632] 2686983: OK v3.3 (2g)
[03:58:33] [1199/1632] 2686981: OK v3.3 (2g)
[03:58:33] [1200/1632] 2686982: OK v3.3 (2g)
[03:58:33] --- 1200/1632 (79.5/min) ---
[03:58:35] [1201/1632] 2686984: OK v3.15 (3g)
[03:58:36] [1202/1632] 2686980: OK v3.11 (3g)
[03:58:36] [1203/1632] 2686979: OK v3.11 (3g)
[03:58:39] [1206/1632] 2663308: OK v3.3 (4g)
[03:58:41] [1208/1632] 2662106: OK v3.3 (5g)
[03:58:43] [1209/1632] 2620654: OK v3.15 (4g)
[03:58:44] [1211/1632] 2663307: OK v3.3 (5g)
[03:58:45] [1212/1632] 2662105: OK v3.3 (4g)
[03:58:46] [1213/1632] 2663305: OK v3.3 (4g)
[03:58:47] [1215/1632] 2663304: OK v3.3 (4g)
[03:58:48] [1218/1632] 2616469: OK v3.3 (3g)
[03:58:49] [1219/1632] 2663303: OK v3.3 (2g)
[03:58:51] [1220/1632] 2663302: OK v3.3 (3g)
[03:58:53] [1223/1632] 2616468: OK v3.3 (4g)
[03:58:55] [1224/1632] 2616467: OK v3.3 (3g)
[03:58:57] [1226/1632] 2616466: OK v3.3 (5g)
[03:58:58] [1227/1632] 2662449: OK v3.3 (3g)
[03:58:58] [1228/1632] 2662447: OK v3.3 (3g)
[03:58:59] [1229/1632] 2662446: OK v3.3 (2g)
[03:59:00] [1230/1632] 2662445: OK v3.3 (3g)
[03:59:02] [1231/1632] 2638035: OK v3.3 (4g)
[03:59:02] [1232/1632] 2660039: OK v3.3 (2g)
[03:59:04] [1235/1632] 2660038: OK v3.3 (2g)
[03:59:07] [1238/1632] 2616465: OK v3.3 (5g)
[03:59:08] [1239/1632] 2638034: OK v3.3 (3g)
[03:59:09] [1240/1632] 2660037: OK v3.3 (2g)
[03:59:09] [1241/1632] 2660036: OK v3.3 (3g)
[03:59:10] [1242/1632] 2616464: OK v3.3 (3g)
[03:59:14] [1247/1632] 2660013: OK v3.3 (1g)
[03:59:15] [1248/1632] 2644402: OK v3.3 (1g)
[03:59:15] [1249/1632] 2644401: OK v3.3 (1g)
[03:59:16] [1250/1632] 2644400: OK v3.3 (1g)
[03:59:16] --- 1250/1632 (79.0/min) ---
[03:59:17] [1252/1632] 2644399: OK v3.3 (1g)
[03:59:18] [1253/1632] 2644398: OK v3.3 (1g)
[03:59:24] [1256/1632] 2616463: OK v3.3 (2g)
[03:59:24] [1257/1632] 2616462: OK v3.3 (2g)
[03:59:25] [1258/1632] 2644396: OK v3.3 (1g)
[03:59:25] [1259/1632] 2638033: OK v3.3 (3g)
[03:59:26] [1261/1632] 2644395: OK v3.3 (1g)
[03:59:26] [1262/1632] 2644394: OK v3.3 (1g)
[03:59:27] [1263/1632] 2644393: OK v3.3 (1g)
[03:59:28] [1264/1632] 2644392: OK v3.3 (1g)
[03:59:32] [1266/1632] 2616461: OK v3.3 (2g)
[03:59:35] [1268/1632] 2616460: OK v3.3 (2g)
[03:59:36] [1269/1632] 2638032: OK v3.3 (4g)
[03:59:36] [1270/1632] 2644391: OK v3.3 (1g)
[03:59:37] [1271/1632] 2644390: OK v3.3 (1g)
[03:59:37] [1272/1632] 2644389: OK v3.3 (1g)
[03:59:37] [1273/1632] 2644388: OK v3.3 (1g)
[03:59:37] [1274/1632] 2644387: OK v3.3 (1g)
[03:59:39] [1277/1632] 2616459: OK v3.3 (3g)
[03:59:43] [1283/1632] 2616458: OK v3.3 (2g)
[03:59:47] [1284/1632] 2616457: OK v3.3 (2g)
[03:59:48] [1286/1632] 2616455: OK v3.3 (2g)
[03:59:48] [1287/1632] 2616456: OK v3.3 (3g)
[03:59:50] [1288/1632] 2616454: OK v3.3 (2g)
[03:59:51] [1290/1632] 2644386: OK v3.3 (1g)
[03:59:52] [1291/1632] 2644384: OK v3.3 (1g)
[03:59:52] [1292/1632] 2644385: OK v3.3 (1g)
[03:59:53] [1293/1632] 2644383: OK v3.3 (1g)
[03:59:54] [1294/1632] 2644381: OK v3.3 (1g)
[03:59:58] [1298/1632] 2638031: OK v3.3 (3g)
[03:59:59] [1299/1632] 2644380: OK v3.3 (1g)
[03:59:59] [1300/1632] 2644379: OK v3.3 (1g)
[03:59:59] --- 1300/1632 (78.6/min) ---
[04:00:02] [1301/1632] 2644378: OK v3.3 (1g)
[04:00:02] [1302/1632] 2644377: OK v3.3 (1g)
[04:00:04] [1303/1632] 2644374: OK v3.3 (1g)
[04:00:04] [1304/1632] 2616453: OK v3.3 (3g)
[04:00:08] [1307/1632] 2616452: OK v3.3 (3g)
[04:00:10] [1309/1632] 2638030: OK v3.3 (5g)
[04:00:11] [1310/1632] 2644373: OK v3.3 (1g)
[04:00:12] [1311/1632] 2644371: OK v3.3 (1g)
[04:00:12] [1312/1632] 2644372: OK v3.3 (1g)
[04:00:12] [1313/1632] 2644370: OK v3.3 (1g)
[04:00:14] [1315/1632] 2644369: OK v3.3 (1g)
[04:00:16] [1317/1632] 2616451: OK v3.3 (3g)
[04:00:19] [1321/1632] 2616450: OK v3.3 (3g)
[04:00:20] [1322/1632] 2638028: OK v3.3 (5g)
[04:00:21] [1325/1632] 2616449: OK v3.3 (3g)
[04:00:24] [1327/1632] 2638026: OK v3.3 (3g)
[04:00:24] [1328/1632] 2616448: OK v3.3 (2g)
[04:00:25] [1331/1632] 2616447: OK v3.3 (2g)
[04:00:27] [1332/1632] 2616446: OK v3.3 (2g)
[04:00:29] [1335/1632] 2616445: OK v3.3 (2g)
[04:00:31] [1336/1632] 2616444: OK v3.3 (3g)
[04:00:33] [1337/1632] 2644367: OK v3.3 (1g)
[04:00:33] [1338/1632] 2644366: OK v3.3 (1g)
[04:00:35] [1339/1632] 2644365: OK v3.3 (1g)
[04:00:35] [1340/1632] 2644364: OK v3.3 (1g)
[04:00:35] [1341/1632] 2644363: OK v3.3 (1g)
[04:00:38] [1342/1632] 2652051: OK v3.3 (1g)
[04:00:39] [1343/1632] 2618893: OK v3.3 (1g)
[04:00:40] [1344/1632] 2618894: OK v3.3 (1g)
[04:00:41] [1345/1632] 2618892: OK v3.3 (1g)
[04:00:42] [1347/1632] 2618891: OK v3.3 (1g)
[04:00:44] [1348/1632] 2644361: OK v3.3 (1g)
[04:00:44] [1349/1632] 2644360: OK v3.3 (1g)
[04:00:46] --- 1350/1632 (78.0/min) ---
[04:00:46] [1351/1632] 2644359: OK v3.3 (1g)
[04:00:46] [1352/1632] 2644358: OK v3.3 (1g)
[04:00:46] [1353/1632] 2644357: OK v3.3 (1g)
[04:00:51] [1354/1632] 2616443: OK v3.3 (3g)
[04:00:52] [1355/1632] 2616442: OK v3.3 (3g)
[04:00:53] [1356/1632] 2620601: OK v3.15 (1g)
[04:00:53] [1357/1632] 2618888: OK v3.3 (1g)
[04:00:55] [1358/1632] 2618887: OK v3.3 (1g)
[04:00:56] [1359/1632] 2618890: OK v3.3 (1g)
[04:00:57] [1360/1632] 2618889: OK v3.3 (1g)
[04:00:57] [1362/1632] 2644356: OK v3.3 (1g)
[04:00:57] [1363/1632] 2644355: OK v3.3 (1g)
[04:00:57] [1364/1632] 2644354: OK v3.3 (1g)
[04:01:02] [1367/1632] 2644353: OK v3.3 (1g)
[04:01:03] [1369/1632] 2644352: OK v3.3 (1g)
[04:01:05] [1370/1632] 2616441: OK v3.3 (2g)
[04:01:07] [1372/1632] 2616440: OK v3.3 (2g)
[04:01:08] [1374/1632] 2618883: OK v3.3 (1g)
[04:01:08] [1375/1632] 2618886: OK v3.3 (1g)
[04:01:09] [1377/1632] 2618885: OK v3.3 (1g)
[04:01:10] [1378/1632] 2618884: OK v3.15 (1g)
[04:01:12] [1381/1632] 2616439: OK v3.3 (2g)
[04:01:14] [1383/1632] 2616438: OK v3.3 (2g)
[04:01:17] [1385/1632] 2616437: OK v3.3 (2g)
[04:01:18] [1386/1632] 2616436: OK v3.3 (2g)
[04:01:19] [1387/1632] 2616435: OK v3.3 (2g)
[04:01:20] [1388/1632] 2616434: OK v3.3 (3g)
[04:01:21] [1389/1632] 2620588: OK v3.3 (1g)
[04:01:25] [1390/1632] 2620587: OK v3.15 (1g)
[04:01:25] [1392/1632] 2618880: OK v3.2 (1g)
[04:01:25] [1393/1632] 2618881: OK v3.2 (1g)
[04:01:27] [1394/1632] 2618878: OK v3.2 (1g)
[04:01:27] [1395/1632] 2618879: OK v3.2 (1g)
[04:01:30] [1396/1632] 2620586: OK v3.11 (1g)
[04:01:30] [1397/1632] 2616433: OK v3.2 (2g)
[04:01:33] [1399/1632] 2616432: OK v3.2 (3g)
[04:01:33] [1400/1632] 2620585: OK v3.15 (1g)
[04:01:33] --- 1400/1632 (77.4/min) ---
[04:01:37] [1403/1632] 2618875: OK v3.2 (1g)
[04:01:38] [1406/1632] 2618877: OK v3.2 (1g)
[04:01:38] [1407/1632] 2618876: OK v3.2 (1g)
[04:01:39] [1408/1632] 2618874: OK v3.2 (1g)
[04:01:40] [1409/1632] 2616431: OK v3.2 (2g)
[04:01:43] [1413/1632] 2616430: OK v3.2 (3g)
[04:01:46] [1415/1632] 2616429: OK v3.2 (2g)
[04:01:46] [1417/1632] 2616428: OK v3.2 (3g)
[04:01:51] [1422/1632] 2616427: OK v3.2 (3g)
[04:01:51] [1423/1632] 2616426: OK v3.2 (2g)
[04:01:51] [1424/1632] 2620568: OK v3.15 (1g)
[04:01:53] [1428/1632] 2616425: OK v3.2 (2g)
[04:01:55] [1431/1632] 2616424: OK v3.2 (2g)
[04:01:59] [1435/1632] 2644238: OK v3.2 (3g)
[04:02:00] [1438/1632] 2643749: OK v3.15 (3g)
[04:02:04] [1442/1632] 2616421: OK v3.2 (2g)
[04:02:06] [1443/1632] 2616420: OK v3.2 (2g)
[04:02:06] [1444/1632] 2616419: OK v3.2 (2g)
[04:02:08] [1447/1632] 2616418: OK v3.2 (3g)
[04:02:10] --- 1450/1632 (77.5/min) ---
[04:02:10] [1452/1632] 2616417: OK v3.2 (2g)
[04:02:12] [1454/1632] 2616416: OK v3.2 (2g)
[04:02:12] [1455/1632] 2616415: OK v3.2 (2g)
[04:02:16] [1457/1632] 2616414: OK v3.2 (3g)
[04:02:20] [1458/1632] 2637989: OK v3.2 (4g)
[04:02:21] [1459/1632] 2616413: OK v3.2 (2g)
[04:02:23] [1460/1632] 2616412: OK v3.2 (2g)
[04:02:23] [1461/1632] 2616411: OK v3.2 (2g)
[04:02:23] [1462/1632] 2637987: OK v3.2 (5g)
[04:02:25] [1463/1632] 2616410: OK v3.2 (2g)
[04:02:26] [1464/1632] 2636123: OK v3.2 (5g)
[04:02:26] [1465/1632] 2616409: OK v3.2 (3g)
[04:02:26] [1466/1632] 2616408: OK v3.2 (2g)
[04:02:29] [1467/1632] 2616406: OK v3.2 (2g)
[04:02:32] [1468/1632] 2616405: OK v3.2 (2g)
[04:02:34] [1469/1632] 2616404: OK v3.2 (2g)
[04:02:36] [1470/1632] 2616403: OK v3.2 (2g)
[04:02:36] [1471/1632] 2634868: OK v3.2 (2g)
[04:02:37] [1472/1632] 2634826: OK v3.2 (3g)
[04:02:38] [1473/1632] 2618871: OK v3.2 (1g)
[04:02:38] [1474/1632] 2618870: OK v3.2 (1g)
[04:02:39] [1475/1632] 2618873: OK v3.2 (1g)
[04:02:39] [1476/1632] 2618872: OK v3.2 (1g)
[04:02:42] [1478/1632] 2632462: OK v3.2 (3g)
[04:02:45] [1481/1632] 2618866: OK v3.2 (1g)
[04:02:47] [1484/1632] 2618867: OK v3.2 (1g)
[04:02:49] [1486/1632] 2618869: OK v3.2 (1g)
[04:02:49] [1487/1632] 2618868: OK v3.2 (1g)
[04:02:50] [1488/1632] 2632461: OK v3.2 (2g)
[04:02:51] [1489/1632] 2632460: OK v3.2 (3g)
[04:02:55] [1491/1632] 2629023: OK v3.2 (2g)
[04:02:55] [1492/1632] 2629024: OK v3.2 (3g)
[04:02:58] [1494/1632] 2618865: OK v3.2 (1g)
[04:02:59] [1496/1632] 2618864: OK v3.2 (1g)
[04:03:00] [1497/1632] 2618863: OK v3.2 (1g)
[04:03:02] [1498/1632] 2618862: OK v3.2 (1g)
[04:03:02] [1499/1632] 2628898: OK v3.2 (2g)
[04:03:03] [1500/1632] 2628897: OK v3.2 (2g)
[04:03:03] --- 1500/1632 (76.6/min) ---
[04:03:04] [1501/1632] 2616402: OK v3.2 (2g)
[04:03:09] [1504/1632] 2616401: OK v3.2 (3g)
[04:03:10] [1506/1632] 2618861: OK v3.2 (1g)
[04:03:12] [1507/1632] 2618860: OK v3.2 (1g)
[04:03:12] [1508/1632] 2618858: OK v3.2 (1g)
[04:03:12] [1509/1632] 2618859: OK v3.2 (1g)
[04:03:13] [1510/1632] 2628896: OK v3.2 (2g)
[04:03:15] [1511/1632] 2628895: OK v3.2 (2g)
[04:03:16] [1513/1632] 2616400: OK v3.2 (2g)
[04:03:22] [1517/1632] 2616399: OK v3.2 (3g)
[04:03:22] [1518/1632] 2618857: OK v3.2 (1g)
[04:03:22] [1519/1632] 2618856: OK v3.2 (1g)
[04:03:23] [1521/1632] 2618855: OK v3.2 (1g)
[04:03:25] [1523/1632] 2616398: OK v3.2 (2g)
[04:03:26] [1525/1632] 2618854: OK v3.2 (1g)
[04:03:28] [1527/1632] 2616397: OK v3.2 (2g)
[04:03:30] [1529/1632] 2616396: OK v3.2 (3g)
[04:03:32] [1530/1632] 2616395: OK v3.2 (2g)
[04:03:35] [1533/1632] 2616394: OK v3.2 (2g)
[04:03:36] [1534/1632] 2616393: OK v3.2 (2g)
[04:03:38] [1535/1632] 2618460: OK v3.2 (1g)
[04:03:38] [1536/1632] 2618464: OK v3.2 (1g)
[04:03:39] [1537/1632] 2618463: OK v3.2 (1g)
[04:03:40] [1538/1632] 2618462: OK v3.2 (1g)
[04:03:41] [1539/1632] 2618461: OK v3.2 (1g)
[04:03:45] [1541/1632] 2618852: OK v3.2 (1g)
[04:03:45] [1542/1632] 2618851: OK v3.2 (1g)
[04:03:46] [1543/1632] 2618850: OK v3.2 (1g)
[04:03:48] [1544/1632] 2618458: OK v3.2 (1g)
[04:03:49] [1546/1632] 2618849: OK v3.2 (1g)
[04:03:51] [1548/1632] 2618456: OK v3.2 (1g)
[04:03:51] [1549/1632] 2618457: OK v3.2 (1g)
[04:03:52] [1550/1632] 2618459: OK v3.2 (1g)
[04:03:52] --- 1550/1632 (76.0/min) ---
[04:03:53] [1551/1632] 2618455: OK v3.2 (1g)
[04:03:58] [1552/1632] 2616390: OK v3.2 (2g)
[04:03:59] [1553/1632] 2616389: OK v3.2 (3g)
[04:04:01] [1554/1632] 2618848: OK v3.2 (1g)
[04:04:01] [1555/1632] 2618847: OK v3.2 (1g)
[04:04:01] [1556/1632] 2618846: OK v3.2 (1g)
[04:04:02] [1557/1632] 2618454: OK v3.2 (1g)
[04:04:04] [1559/1632] 2618845: OK v3.2 (1g)
[04:04:04] [1560/1632] 2618452: OK v3.2 (1g)
[04:04:05] [1562/1632] 2618451: OK v3.2 (1g)
[04:04:06] [1564/1632] 2618449: OK v3.2 (1g)
[04:04:11] [1570/1632] 2618450: OK v3.2 (1g)
[04:04:14] [1572/1632] 2616387: OK v3.30 (3g)
[04:04:14] [1574/1632] 2616388: OK v3.2 (2g)
[04:04:17] [1576/1632] 2616386: OK v3.2 (3g)
[04:04:17] [1578/1632] 2616385: OK v3.2 (3g)
[04:04:19] [1579/1632] 2616384: OK v3.2 (2g)
[04:04:21] [1580/1632] 2616383: OK v3.2 (2g)
[04:04:22] [1582/1632] 2616382: OK v3.2 (3g)
[04:04:24] [1584/1632] 2616381: OK v3.2 (2g)
[04:04:27] [1585/1632] 2618440: OK basic (1g)
[04:04:27] [1586/1632] 2618439: OK basic (1g)
[04:04:29] [1587/1632] 2618441: OK basic (1g)
[04:04:30] [1588/1632] 2618442: OK basic (1g)
[04:04:30] [1589/1632] 2618438: OK basic (1g)
[04:04:34] [1590/1632] 2618844: OK basic (1g)
[04:04:34] [1591/1632] 2618843: OK basic (1g)
[04:04:35] [1592/1632] 2618842: OK basic (1g)
[04:04:35] [1593/1632] 2618447: OK basic (1g)
[04:04:37] [1594/1632] 2618841: OK basic (1g)
[04:04:40] [1595/1632] 2618446: OK basic (1g)
[04:04:40] [1596/1632] 2618443: OK basic (1g)
[04:04:42] [1597/1632] 2618445: OK basic (1g)
[04:04:43] [1598/1632] 2618444: OK basic (1g)
[04:04:43] [1599/1632] 2616380: OK basic (3g)
[04:04:47] [1600/1632] 2616379: OK basic (2g)
[04:04:47] --- 1600/1632 (75.0/min) ---
[04:04:47] [1601/1632] 2618840: OK basic (1g)
[04:04:48] [1602/1632] 2618839: OK basic (1g)
[04:04:48] [1603/1632] 2618838: OK basic (1g)
[04:04:50] [1604/1632] 2618434: OK basic (1g)
[04:04:53] [1605/1632] 2618837: OK basic (1g)
[04:04:53] [1606/1632] 2618436: OK basic (1g)
[04:04:55] [1607/1632] 2618435: OK basic (1g)
[04:04:55] [1608/1632] 2618433: OK basic (1g)
[04:04:56] [1609/1632] 2618437: OK basic (1g)
[04:05:00] [1610/1632] 2616378: OK basic (2g)
[04:05:00] [1611/1632] 2616377: OK basic (2g)
[04:05:01] [1612/1632] 2616376: OK basic (2g)
[04:05:01] [1613/1632] 2616375: OK basic (2g)
[04:05:03] [1614/1632] 2616374: OK basic (2g)
[04:05:06] [1615/1632] 2616373: OK basic (2g)
[04:05:06] [1616/1632] 2616372: OK basic (3g)
[04:05:08] [1617/1632] 2618432: OK basic (1g)
[04:05:08] [1618/1632] 2616371: OK basic (2g)
[04:05:09] [1619/1632] 2618431: OK basic (1g)
[04:05:13] [1620/1632] 2618430: OK basic (1g)
[04:05:13] [1621/1632] 2618429: OK basic (1g)
[04:05:14] [1622/1632] 2618428: OK basic (1g)
[04:05:14] [1623/1632] 2618427: OK basic (1g)
[04:05:16] [1624/1632] 2618426: OK basic (1g)
[04:05:19] [1625/1632] 2618425: OK basic (1g)
[04:05:19] [1626/1632] 2618424: OK basic (1g)
[04:05:21] [1627/1632] 2618423: OK basic (1g)
[04:05:21] [1628/1632] 2618422: OK basic (1g)
[04:05:22] [1629/1632] 2618421: OK basic (1g)
[04:05:25] [1630/1632] 2618420: OK basic (1g)
[04:05:26] [1631/1632] 2618419: OK basic (1g)
[04:05:27] [1632/1632] 2618418: OK basic (1g)
[04:05:27] 
[04:05:27] ============================================================
[04:05:27] 下载完成!
[04:05:27]   basic: 48
[04:05:27]   failed: 1
[04:05:27]   no_data: 144
[04:05:27]   v3.10: 37
[04:05:27]   v3.11: 111
[04:05:27]   v3.14: 9
[04:05:27]   v3.15: 71
[04:05:27]   v3.2: 113
[04:05:27]   v3.3: 169
[04:05:27]   v3.30: 35
[04:05:27]   v3.35: 37
[04:05:27]   v3.38: 92
[04:05:27]   v3.42: 693
[04:05:27]   v3.7: 72
[04:05:27] 总耗时: 22.0 分钟
